 mysqlmanager

 Timestamp is 50ca1760 (Thu Dec 13 18:58:56 2012)

 Preferred load address is 00400000

 Start         Length     Name                   Class
 0001:00000000 000b7b4fH .text                   CODE
 0001:000b7b50 00001021H .text$yc                CODE
 0001:000b8b71 00001019H .text$yd                CODE
 0002:00000000 00000104H .CRT$XCA                DATA
 0002:00000104 00000109H .CRT$XCU                DATA
 0002:00000210 00000104H .CRT$XCZ                DATA
 0002:00000314 00000104H .CRT$XIA                DATA
 0002:00000418 00000118H .CRT$XIC                DATA
 0002:00000530 00000104H .CRT$XIY                DATA
 0002:00000634 00000104H .CRT$XIZ                DATA
 0002:00000738 00000004H .CRT$XLA                DATA
 0002:0000073c 00000004H .CRT$XLZ                DATA
 0002:00000740 00000104H .CRT$XPA                DATA
 0002:00000844 00000104H .CRT$XPX                DATA
 0002:00000948 00000104H .CRT$XPXA               DATA
 0002:00000a4c 00000104H .CRT$XPZ                DATA
 0002:00000b50 00000104H .CRT$XTA                DATA
 0002:00000c54 00000104H .CRT$XTZ                DATA
 0002:00000d60 0001b71eH .rdata                  DATA
 0002:0001c480 0000011cH .rdata$T                DATA
 0002:0001c59c 000001abH .rdata$debug            DATA
 0002:0001c748 00002d83H .rdata$r                DATA
 0002:0001f4d0 0000010eH .rdata$sxdata           DATA
 0002:0001f5e0 00000104H .rtc$IAA                DATA
 0002:0001f6e4 00000104H .rtc$IZZ                DATA
 0002:0001f7e8 00000104H .rtc$TAA                DATA
 0002:0001f8ec 00000104H .rtc$TZZ                DATA
 0002:0001f9f0 00001051H .xdata$x                DATA
 0002:00020a41 00000000H .edata                  DATA
 0003:00000000 001502efH .data                   DATA
 0003:00150300 000047a4H .bss                    DATA
 0004:00000000 00000064H .idata$2                DATA
 0004:00000064 00000014H .idata$3                DATA
 0004:00000078 0000042cH .idata$4                DATA
 0004:000004a4 0000042cH .idata$5                DATA
 0004:000008d0 00000dafH .idata$6                DATA
 0005:00000000 00000101H .tls                    DATA
 0005:00000108 00000186H .tls$                   DATA
 0005:0000028e 00000101H .tls$ZZZ                DATA

  Address         Publics by Value              Rva+Base       Lib:Object

 0000:00000000       __except_list              00000000     <absolute>
 0000:00000003       ___safe_se_handler_count   00000003     <absolute>
 0000:0000002c       __tls_array                0000002c     <absolute>
 0000:00000000       ___ImageBase               00400000     <linker-defined>
 0001:000012a0       ?reserve@Buffer@@QAEHII@Z  004022a0 f   buffer.obj
 0001:000013c0       ?get_size@Buffer@@QAEHXZ   004023c0 f   buffer.obj
 0001:000013d0       ?is_error@Buffer@@QAEHXZ   004023d0 f   buffer.obj
 0001:000013e0       ?append@Buffer@@QAEHIPBDI@Z 004023e0 f   buffer.obj
 0001:00001430       ?get_instance_map@Manager@@SAPAVInstance_map@@XZ 00402430 f i command.obj
 0001:00001440       ?get_guardian@Manager@@SAPAVGuardian@@XZ 00402440 f i command.obj
 0001:00001450       ??0Command@@QAE@XZ         00402450 f   command.obj
 0001:00001480       ??1Command@@UAE@XZ         00402480 f   command.obj
 0001:00001490       ??_GCommand@@UAEPAXI@Z     00402490 f i command.obj
 0001:00001490       ??_ECommand@@UAEPAXI@Z     00402490 f i command.obj
 0001:000014c0       ?alloc_str@Named_value@@SAPADPBUst_mysql_lex_string@@@Z 004024c0 f i commands.obj
 0001:000014e0       ?free_str@Named_value@@SAXPAPAD@Z 004024e0 f i commands.obj
 0001:00001500       ??0Named_value@@QAE@XZ     00402500 f i commands.obj
 0001:00001520       ??0Named_value@@QAE@PAD0@Z 00402520 f i commands.obj
 0001:00001540       ?get_name@Named_value@@QAEPADXZ 00402540 f i commands.obj
 0001:00001550       ?get_value@Named_value@@QAEPADXZ 00402550 f i commands.obj
 0001:00001560       ?free@Named_value@@QAEXXZ  00402560 f i commands.obj
 0001:00001590       ?get_size@Named_value_arr@@QBEHXZ 00402590 f i commands.obj
 0001:000015a0       ?get_element@Named_value_arr@@QBE?AVNamed_value@@H@Z 004025a0 f i commands.obj
 0001:000015e0       ?add_element@Named_value_arr@@QAE_NPAVNamed_value@@@Z 004025e0 f i commands.obj
 0001:00001600       ?get_word@@YAXPAPBDPAIW4enum_seek_method@@@Z 00402600 f i commands.obj
 0001:00001700       ?get_num_options@Instance_options@@QBEHXZ 00402700 f i commands.obj
 0001:00001710       ?get_option@Instance_options@@QBE?AVNamed_value@@H@Z 00402710 f i commands.obj
 0001:00001750       ?get_str@Instance_name@@QBEPBUst_mysql_lex_string@@XZ 00402750 f i commands.obj
 0001:00001760       ?is_mysqld_compatible@Instance@@QBE_NXZ 00402760 f i commands.obj
 0001:00001770       ?is_configured@Instance@@QBE_NXZ 00402770 f i commands.obj
 0001:00001780       ?get_name@Instance@@QBEPBUst_mysql_lex_string@@XZ 00402780 f i commands.obj
 0001:00001790       ?set_state@Instance@@QAEXW4enum_instance_state@1@@Z 00402790 f i commands.obj
 0001:000017a0       ?get_instance_name@Instance_cmd@@IBEPBUst_mysql_lex_string@@XZ 004027a0 f i commands.obj
 0001:000017c0       ??0Buffer@@QAE@I@Z         004027c0 f i commands.obj
 0001:00001800       ??1Buffer@@QAE@XZ          00402800 f i commands.obj
 0001:00001810       ??0Iterator@Instance_map@@QAE@PAV1@@Z 00402810 f i commands.obj
 0001:000018c0       ??0Instance_name@@QAE@PBUst_mysql_lex_string@@@Z 004028c0 f   commands.obj
 0001:00001910       ?write_header@Show_instances@@AAEHPAUst_net@@@Z 00402910 f   commands.obj
 0001:00001990       ?write_data@Show_instances@@AAEHPAUst_net@@@Z 00402990 f   commands.obj
 0001:00001af0       ?execute@Flush_instances@@UAEHPAUst_net@@K@Z 00402af0 f   commands.obj
 0001:00001b30       ??0Instance_cmd@@QAE@PBUst_mysql_lex_string@@@Z 00402b30 f   commands.obj
 0001:00001b60       ??1Instance_cmd@@UAE@XZ    00402b60 f i commands.obj
 0001:00001b70       ??0Abstract_instance_cmd@@QAE@PBUst_mysql_lex_string@@@Z 00402b70 f   commands.obj
 0001:00001b90       ??1Abstract_instance_cmd@@UAE@XZ 00402b90 f i commands.obj
 0001:00001ba0       ?execute@Abstract_instance_cmd@@UAEHPAUst_net@@K@Z 00402ba0 f   commands.obj
 0001:00001c40       ??0Show_instance_status@@QAE@PBUst_mysql_lex_string@@@Z 00402c40 f   commands.obj
 0001:00001c60       ??1Show_instance_status@@UAE@XZ 00402c60 f i commands.obj
 0001:00001c70       ?send_ok_response@Show_instance_status@@MAEHPAUst_net@@K@Z 00402c70 f   commands.obj
 0001:00001cb0       ?write_header@Show_instance_status@@AAEHPAUst_net@@@Z 00402cb0 f   commands.obj
 0001:00001db0       ?write_data@Show_instance_status@@AAEHPAUst_net@@PAVInstance@@@Z 00402db0 f   commands.obj
 0001:00001fb0       ??0Show_instance_options@@QAE@PBUst_mysql_lex_string@@@Z 00402fb0 f   commands.obj
 0001:00001fd0       ??1Show_instance_options@@UAE@XZ 00402fd0 f i commands.obj
 0001:00001fe0       ?send_ok_response@Show_instance_options@@MAEHPAUst_net@@K@Z 00402fe0 f   commands.obj
 0001:00002020       ?write_header@Show_instance_options@@AAEHPAUst_net@@@Z 00403020 f   commands.obj
 0001:000020a0       ?write_data@Show_instance_options@@AAEHPAUst_net@@PAVInstance@@@Z 004030a0 f   commands.obj
 0001:00002280       ??0Start_instance@@QAE@PBUst_mysql_lex_string@@@Z 00403280 f   commands.obj
 0001:000022a0       ??1Start_instance@@UAE@XZ  004032a0 f i commands.obj
 0001:000022b0       ?execute_impl@Start_instance@@MAEHPAUst_net@@PAVInstance@@@Z 004032b0 f   commands.obj
 0001:00002320       ?send_ok_response@Start_instance@@MAEHPAUst_net@@K@Z 00403320 f   commands.obj
 0001:00002350       ??0Stop_instance@@QAE@PBUst_mysql_lex_string@@@Z 00403350 f   commands.obj
 0001:00002370       ??1Stop_instance@@UAE@XZ   00403370 f i commands.obj
 0001:00002380       ?execute_impl@Stop_instance@@MAEHPAUst_net@@PAVInstance@@@Z 00403380 f   commands.obj
 0001:000023d0       ?send_ok_response@Stop_instance@@MAEHPAUst_net@@K@Z 004033d0 f   commands.obj
 0001:00002400       ??0Create_instance@@QAE@PBUst_mysql_lex_string@@@Z 00403400 f   commands.obj
 0001:00002430       ??1Create_instance@@UAE@XZ 00403430 f i commands.obj
 0001:00002450       ?parse_args@Create_instance@@AAE_NPAPBD@Z 00403450 f   commands.obj
 0001:00002680       ?execute@Create_instance@@MAEHPAUst_net@@K@Z 00403680 f   commands.obj
 0001:00002790       ??0Drop_instance@@QAE@PBUst_mysql_lex_string@@@Z 00403790 f   commands.obj
 0001:000027b0       ??1Drop_instance@@UAE@XZ   004037b0 f i commands.obj
 0001:000027c0       ?execute@Drop_instance@@MAEHPAUst_net@@K@Z 004037c0 f   commands.obj
 0001:000028f0       ??0Show_instance_log@@QAE@PBUst_mysql_lex_string@@W4Log_type@@II@Z 004038f0 f   commands.obj
 0001:00002940       ??1Show_instance_log@@UAE@XZ 00403940 f i commands.obj
 0001:00002950       ?send_ok_response@Show_instance_log@@MAEHPAUst_net@@K@Z 00403950 f   commands.obj
 0001:00002990       ?check_params@Show_instance_log@@AAEHPAVInstance@@@Z 00403990 f   commands.obj
 0001:000029f0       ?write_header@Show_instance_log@@AAEHPAUst_net@@@Z 004039f0 f   commands.obj
 0001:00002a50       ?write_data@Show_instance_log@@AAEHPAUst_net@@PAVInstance@@@Z 00403a50 f   commands.obj
 0001:00002c90       ??0Show_instance_log_files@@QAE@PBUst_mysql_lex_string@@@Z 00403c90 f   commands.obj
 0001:00002cb0       ??1Show_instance_log_files@@UAE@XZ 00403cb0 f i commands.obj
 0001:00002cc0       ?send_ok_response@Show_instance_log_files@@MAEHPAUst_net@@K@Z 00403cc0 f   commands.obj
 0001:00002d00       ?write_header@Show_instance_log_files@@AAEHPAUst_net@@@Z 00403d00 f   commands.obj
 0001:00002da0       ?write_data@Show_instance_log_files@@AAEHPAUst_net@@PAVInstance@@@Z 00403da0 f   commands.obj
 0001:00002fb0       ?get_instance_name@Instance_options_list@@QBEPBUst_mysql_lex_string@@XZ 00403fb0 f i commands.obj
 0001:00002fc0       ??0Instance_options_list@@QAE@PBUst_mysql_lex_string@@@Z 00403fc0 f   commands.obj
 0001:00002ff0       ?init@Instance_options_list@@QAE_NXZ 00403ff0 f   commands.obj
 0001:00003020       ??1Instance_options_list@@QAE@XZ 00404020 f i commands.obj
 0001:00003030       ??0Abstract_option_cmd@@IAE@XZ 00404030 f   commands.obj
 0001:00003050       ??1Abstract_option_cmd@@UAE@XZ 00404050 f   commands.obj
 0001:00003080       ?correct_file@Abstract_option_cmd@@IAEHPAVInstance@@PAVNamed_value@@_N@Z 00404080 f   commands.obj
 0001:000030f0       ?execute_impl@Abstract_option_cmd@@AAEHPAUst_net@@K@Z 004040f0 f   commands.obj
 0001:00003280       ?process_option@Set_option@@MAEHPAVInstance@@PAVNamed_value@@@Z 00404280 f   commands.obj
 0001:00003310       ?process_option@Unset_option@@MAEHPAVInstance@@PAVNamed_value@@@Z 00404310 f   commands.obj
 0001:00003350       ?execute@Syntax_error@@UAEHPAUst_net@@K@Z 00404350 f   commands.obj
 0001:00003360       ?execute@Show_instances@@UAEHPAUst_net@@K@Z 00404360 f   commands.obj
 0001:000033c0       ??_EInstance_cmd@@UAEPAXI@Z 004043c0 f i commands.obj
 0001:000033c0       ??_GInstance_cmd@@UAEPAXI@Z 004043c0 f i commands.obj
 0001:000033f0       ??_GAbstract_instance_cmd@@UAEPAXI@Z 004043f0 f i commands.obj
 0001:000033f0       ??_EAbstract_instance_cmd@@UAEPAXI@Z 004043f0 f i commands.obj
 0001:00003420       ??_EShow_instance_status@@UAEPAXI@Z 00404420 f i commands.obj
 0001:00003420       ??_GShow_instance_status@@UAEPAXI@Z 00404420 f i commands.obj
 0001:00003450       ?execute_impl@Show_instance_status@@MAEHPAUst_net@@PAVInstance@@@Z 00404450 f   commands.obj
 0001:00003490       ??_GShow_instance_options@@UAEPAXI@Z 00404490 f i commands.obj
 0001:00003490       ??_EShow_instance_options@@UAEPAXI@Z 00404490 f i commands.obj
 0001:000034c0       ?execute_impl@Show_instance_options@@MAEHPAUst_net@@PAVInstance@@@Z 004044c0 f   commands.obj
 0001:00003500       ??_EStart_instance@@UAEPAXI@Z 00404500 f i commands.obj
 0001:00003500       ??_GStart_instance@@UAEPAXI@Z 00404500 f i commands.obj
 0001:00003530       ??_GStop_instance@@UAEPAXI@Z 00404530 f i commands.obj
 0001:00003530       ??_EStop_instance@@UAEPAXI@Z 00404530 f i commands.obj
 0001:00003560       ??_ECreate_instance@@UAEPAXI@Z 00404560 f i commands.obj
 0001:00003560       ??_GCreate_instance@@UAEPAXI@Z 00404560 f i commands.obj
 0001:000035a0       ?init@Create_instance@@QAE_NPAPBD@Z 004045a0 f   commands.obj
 0001:000035e0       ??_GDrop_instance@@UAEPAXI@Z 004045e0 f i commands.obj
 0001:000035e0       ??_EDrop_instance@@UAEPAXI@Z 004045e0 f i commands.obj
 0001:00003610       ??_EShow_instance_log@@UAEPAXI@Z 00404610 f i commands.obj
 0001:00003610       ??_GShow_instance_log@@UAEPAXI@Z 00404610 f i commands.obj
 0001:00003640       ?execute_impl@Show_instance_log@@MAEHPAUst_net@@PAVInstance@@@Z 00404640 f   commands.obj
 0001:00003690       ??_GShow_instance_log_files@@UAEPAXI@Z 00404690 f i commands.obj
 0001:00003690       ??_EShow_instance_log_files@@UAEPAXI@Z 00404690 f i commands.obj
 0001:000036c0       ?execute_impl@Show_instance_log_files@@MAEHPAUst_net@@PAVInstance@@@Z 004046c0 f   commands.obj
 0001:00003700       ??_GInstance_options_list@@QAEPAXI@Z 00404700 f i commands.obj
 0001:00003730       ??_GAbstract_option_cmd@@UAEPAXI@Z 00404730 f i commands.obj
 0001:00003730       ??_EAbstract_option_cmd@@UAEPAXI@Z 00404730 f i commands.obj
 0001:00003760       ?execute@Abstract_option_cmd@@UAEHPAUst_net@@K@Z 00404760 f   commands.obj
 0001:000037a0       ?get_instance_options_list@Abstract_option_cmd@@AAEPAVInstance_options_list@@PBUst_mysql_lex_string@@@Z 004047a0 f   commands.obj
 0001:00003870       ?add_option@Abstract_option_cmd@@QAE_NPBUst_mysql_lex_string@@PAVNamed_value@@@Z 00404870 f   commands.obj
 0001:000038b0       ?init@Abstract_option_cmd@@QAE_NPAPBD@Z 004048b0 f   commands.obj
 0001:00003910       ?parse_args@Set_option@@MAE_NPAPBD@Z 00404910 f   commands.obj
 0001:00003c00       ?parse_args@Unset_option@@MAE_NPAPBD@Z 00404c00 f   commands.obj
 0001:00003e20       ??0Thread_info@@QAE@XZ     00404e20 f i guardian.obj
 0001:00003e30       ??0Thread@@QAE@XZ          00404e30 f i guardian.obj
 0001:00003e40       ??_GThread@@MAEPAXI@Z      00404e40 f i guardian.obj
 0001:00003e40       ??_EThread@@MAEPAXI@Z      00404e40 f i guardian.obj
 0001:00003e70       ?is_guarded@Instance@@QBE_NXZ 00404e70 f i guardian.obj
 0001:00003e80       ?get_state@Instance@@QBE?AW4enum_instance_state@1@XZ 00404e80 f i guardian.obj
 0001:00003e90       ?is_crashed@Instance@@QAE_NXZ 00404e90 f i guardian.obj
 0001:00003ea0       ??0Guardian@@QAE@PAVThread_registry@@PAVInstance_map@@@Z 00404ea0 f   guardian.obj
 0001:00003ef0       ?process_instance@Guardian@@AAEXPAVInstance@@@Z 00404ef0 f   guardian.obj
 0001:00004230       ?ping@Guardian@@QAEXXZ     00405230 f   guardian.obj
 0001:00004240       ?init@Guardian@@QAEXXZ     00405240 f   guardian.obj
 0001:000042b0       ?stop_instances@Guardian@@AAEXXZ 004052b0 f   guardian.obj
 0001:000043d0       ?lock@Guardian@@QAEXXZ     004053d0 f   guardian.obj
 0001:000043e0       ?unlock@Guardian@@QAEXXZ   004053e0 f   guardian.obj
 0001:000043f0       ??1Guardian@@UAE@XZ        004053f0 f   guardian.obj
 0001:00004430       ?request_shutdown@Guardian@@QAEXXZ 00405430 f   guardian.obj
 0001:00004460       ?run@Guardian@@MAEXXZ      00405460 f   guardian.obj
 0001:00004600       ?is_stopped@Guardian@@QAE_NXZ 00405600 f   guardian.obj
 0001:00004630       ??_EGuardian@@UAEPAXI@Z    00405630 f i guardian.obj
 0001:00004630       ??_GGuardian@@UAEPAXI@Z    00405630 f i guardian.obj
 0001:00004670       ?get_thread_registry@Manager@@SAPAVThread_registry@@XZ 00405670 f i instance.obj
 0001:000048b0       ?SafeTerminateProcess@@YAHPAXI@Z 004058b0 f   instance.obj
 0001:000049f0       ?kill@@YAHHH@Z             004059f0 f   instance.obj
 0001:00004a30       ??0Instance_monitor@@QAE@PAVInstance@@@Z 00405a30 f i instance.obj
 0001:00004a50       ??1Instance_monitor@@UAE@XZ 00405a50 f i instance.obj
 0001:00004a60       ?is_name_valid@Instance@@SA_NPBUst_mysql_lex_string@@@Z 00405a60 f   instance.obj
 0001:00004ac0       ?is_mysqld_compatible_name@Instance@@SA_NPBUst_mysql_lex_string@@@Z 00405ac0 f   instance.obj
 0001:00004af0       ?get_instance_state_name@Instance@@CAPBDW4enum_instance_state@1@@Z 00405af0 f   instance.obj
 0001:00004b70       ??0Instance@@QAE@XZ        00405b70 f   instance.obj
 0001:00004be0       ??1Instance@@QAE@XZ        00405be0 f   instance.obj
 0001:00004c20       ?init@Instance@@QAE_NPBUst_mysql_lex_string@@@Z 00405c20 f   instance.obj
 0001:00004c50       ?complete_initialization@Instance@@QAE_NXZ 00405c50 f   instance.obj
 0001:00004c80       ?is_mysqld_running@Instance@@QAE_NXZ 00405c80 f   instance.obj
 0001:00004d80       ?kill_mysqld@Instance@@QAE_NH@Z 00405d80 f   instance.obj
 0001:00004e40       ?lock@Instance@@QAEXXZ     00405e40 f   instance.obj
 0001:00004e60       ?unlock@Instance@@QAEXXZ   00405e60 f   instance.obj
 0001:00004e80       ?reset_stat@Instance@@QAEXXZ 00405e80 f   instance.obj
 0001:00004eb0       ?remove_pid@Instance@@AAEXXZ 00405eb0 f   instance.obj
 0001:00004ef0       ?wait_for_stop@Instance@@AAE_NXZ 00405ef0 f   instance.obj
 0001:00004fa0       ??_EInstance_monitor@@UAEPAXI@Z 00405fa0 f i instance.obj
 0001:00004fa0       ??_GInstance_monitor@@UAEPAXI@Z 00405fa0 f i instance.obj
 0001:00004fd0       ?start_and_monitor_instance@Instance_monitor@@IAEXXZ 00405fd0 f   instance.obj
 0001:00005140       ?is_active@Instance@@QAE_NXZ 00406140 f   instance.obj
 0001:00005170       ?start_mysqld@Instance@@QAE_NXZ 00406170 f   instance.obj
 0001:00005210       ?stop_mysqld@Instance@@QAE_NXZ 00406210 f   instance.obj
 0001:00005300       ?get_state_name@Instance@@QAEPBDXZ 00406300 f   instance.obj
 0001:00005350       ?run@Instance_monitor@@MAEXXZ 00406350 f   instance.obj
 0001:00005390       ??_GInstance@@QAEPAXI@Z    00406390 f i instance_map.obj
 0001:00005420       ??0Instance_map@@QAE@XZ    00406420 f   instance_map.obj
 0001:00005440       ?lock@Instance_map@@QAEXXZ 00406440 f   instance_map.obj
 0001:00005450       ?unlock@Instance_map@@QAEXXZ 00406450 f   instance_map.obj
 0001:00005460       ?add_instance@Instance_map@@QAEHPAVInstance@@@Z 00406460 f   instance_map.obj
 0001:00005480       ?remove_instance@Instance_map@@QAEHPAVInstance@@@Z 00406480 f   instance_map.obj
 0001:000054a0       ?create_instance@Instance_map@@QAEHPBUst_mysql_lex_string@@PBVNamed_value_arr@@@Z 004064a0 f   instance_map.obj
 0001:00005680       ?find@Instance_map@@QAEPAVInstance@@PBUst_mysql_lex_string@@@Z 00406680 f   instance_map.obj
 0001:000056a0       ?go_to_first@Iterator@Instance_map@@QAEXXZ 004066a0 f   instance_map.obj
 0001:000056b0       ?next@Iterator@Instance_map@@QAEPAVInstance@@XZ 004066b0 f   instance_map.obj
 0001:000056e0       ?create_instance_in_file@@YAHPBUst_mysql_lex_string@@PBVNamed_value_arr@@@Z 004066e0 f   instance_map.obj
 0001:000059e0       ?process_one_option@Instance_map@@QAEHPBUst_mysql_lex_string@@PBD@Z 004069e0 f   instance_map.obj
 0001:00005ba0       ?init@Instance_map@@QAE_NXZ 00406ba0 f   instance_map.obj
 0001:00005be0       ?reset@Instance_map@@QAE_NXZ 00406be0 f   instance_map.obj
 0001:00005c00       ??1Instance_map@@QAE@XZ    00406c00 f   instance_map.obj
 0001:00005ca0       ?is_there_active_instance@Instance_map@@QAE_NXZ 00406ca0 f   instance_map.obj
 0001:00005d10       ?complete_initialization@Instance_map@@AAE_NXZ 00406d10 f   instance_map.obj
 0001:00005e50       ?load@Instance_map@@QAEHXZ 00406e50 f   instance_map.obj
 0001:00005f70       ?strstr@@YAPADPADPBD@Z     00406f70 f i instance_options.obj
 0001:00005f80       ?alloc_str@Named_value@@SAPADPBD@Z 00406f80 f i instance_options.obj
 0001:00005fa0       ?remove_element@Named_value_arr@@QAEXH@Z 00406fa0 f i instance_options.obj
 0001:00006010       ?replace_element@Named_value_arr@@QAE_NHPAVNamed_value@@@Z 00407010 f i instance_options.obj
 0001:00006170       ?is_option_im_specific@Instance_options@@SA_NPBD@Z 00407170 f   instance_options.obj
 0001:000061e0       ??0Instance_options@@QAE@XZ 004071e0 f   instance_options.obj
 0001:00006280       ?get_default_option@Instance_options@@AAEHPADIPBD@Z 00407280 f   instance_options.obj
 0001:00006360       ?fill_instance_version@Instance_options@@AAE_NXZ 00407360 f   instance_options.obj
 0001:00006500       ?fill_mysqld_real_path@Instance_options@@AAE_NXZ 00407500 f   instance_options.obj
 0001:000066b0       ?fill_log_options@Instance_options@@AAE_NXZ 004076b0 f   instance_options.obj
 0001:00006aa0       ?get_pid_filename@Instance_options@@QAEHPAD@Z 00407aa0 f   instance_options.obj
 0001:00006b60       ?unlink_pidfile@Instance_options@@QAEHXZ 00407b60 f   instance_options.obj
 0001:00006b70       ?load_pid@Instance_options@@QAEHXZ 00407b70 f   instance_options.obj
 0001:00006be0       ?update_var@Instance_options@@AAEXPBD0@Z 00407be0 f   instance_options.obj
 0001:00006d40       ?find_option@Instance_options@@AAEHPBD@Z 00407d40 f   instance_options.obj
 0001:00006e00       ?add_to_argv@Instance_options@@AAEHPBD@Z 00407e00 f   instance_options.obj
 0001:00006e30       ?print_argv@Instance_options@@QAEXXZ 00407e30 f   instance_options.obj
 0001:00006e90       ?init@Instance_options@@QAE_NPBUst_mysql_lex_string@@@Z 00407e90 f   instance_options.obj
 0001:00006f10       ??1Instance_options@@QAE@XZ 00407f10 f   instance_options.obj
 0001:00006f40       ?get_shutdown_delay@Instance_options@@QBEIXZ 00407f40 f   instance_options.obj
 0001:00006f60       ?get_mysqld_port@Instance_options@@QBEHXZ 00407f60 f   instance_options.obj
 0001:00006f80       ?set_option@Instance_options@@QAE_NPAVNamed_value@@@Z 00407f80 f   instance_options.obj
 0001:00007090       ?unset_option@Instance_options@@QAEXPBD@Z 00408090 f   instance_options.obj
 0001:000070d0       ?complete_initialization@Instance_options@@QAE_NXZ 004080d0 f   instance_options.obj
 0001:000074a0       ?is_shutdown@Thread_registry@@QAE_NXZ 004084a0 f i listener.obj
 0001:00007510       ??0Listener@@QAE@PAVThread_registry@@PAVUser_map@@@Z 00408510 f   listener.obj
 0001:00007540       ??1Listener@@UAE@XZ        00408540 f i listener.obj
 0001:00007550       ?create_tcp_socket@Listener@@AAEHXZ 00408550 f   listener.obj
 0001:00007740       ?handle_new_mysql_connection@Listener@@AAEXPAUst_vio@@@Z 00408740 f   listener.obj
 0001:000077d0       ??_EListener@@UAEPAXI@Z    004087d0 f i listener.obj
 0001:000077d0       ??_GListener@@UAEPAXI@Z    004087d0 f i listener.obj
 0001:00007800       ?run@Listener@@MAEXXZ      00408800 f   listener.obj
 0001:00007cb0       ?log_init@@YAXXZ           00408cb0 f   log.obj
 0001:00007cd0       ?log_error@@YAXPBDZZ       00408cd0 f   log.obj
 0001:00007d40       ?log_info@@YAXPBDZZ        00408d40 f   log.obj
 0001:00007d70       ?die@@YAXPBDZZ             00408d70 f   log.obj
 0001:00007de0       ?onsignal@@YAXH@Z          00408de0 f   manager.obj
 0001:00007df0       ?set_signals@@YAXPAH@Z     00408df0 f   manager.obj
 0001:00007e20       ?my_sigwait@@YAHPBHPAH@Z   00408e20 f   manager.obj
 0001:00007e50       ??0ThreadModelChecker@?A0xea104e48@@QAE@XZ 00408e50 f i manager.obj
 0001:00007e70       ?is_linux_threads@ThreadModelChecker@?A0xea104e48@@QBE_NXZ 00408e70 f i manager.obj
 0001:00007e80       ?run@ThreadModelChecker@?A0xea104e48@@MAEXXZ 00408e80 f i manager.obj
 0001:00007ea0       ??1ThreadModelChecker@?A0xea104e48@@UAE@XZ 00408ea0 f i manager.obj
 0001:00007eb0       ?check_if_linux_threads@?A0xea104e48@@YA_NPA_N@Z 00408eb0 f   manager.obj
 0001:00007f20       ?stop_all_threads@Manager@@CAXXZ 00408f20 f   manager.obj
 0001:00007f50       ?init_user_map@Manager@@CA_NPAVUser_map@@@Z 00408f50 f   manager.obj
 0001:00007fe0       ?flush_instances@Manager@@SAHXZ 00408fe0 f   manager.obj
 0001:00008080       ??_EThreadModelChecker@?A0xea104e48@@UAEPAXI@Z 00409080 f i manager.obj
 0001:00008080       ??_GThreadModelChecker@?A0xea104e48@@UAEPAXI@Z 00409080 f i manager.obj
 0001:000080b0       ?main@Manager@@SAHXZ       004090b0 f   manager.obj
 0001:00008580       ?message@@YAPBDI@Z         00409580 f   messages.obj
 0001:00008590       ?errno_to_sqlstate@@YAPBDI@Z 00409590 f   messages.obj
 0001:000085b0       ??0Mysql_connection@@QAE@PAVThread_registry@@PAVUser_map@@PAUst_vio@@K@Z 004095b0 f   mysql_connection.obj
 0001:000085e0       _my_net_local_init         004095e0 f   mysql_connection.obj
 0001:00008630       _slave_io_thread_detach_vio 00409630 f   mysql_connection.obj
 0001:00008640       ?init@Mysql_connection@@AAE_NXZ 00409640 f   mysql_connection.obj
 0001:000086f0       ?cleanup@Mysql_connection@@AAEXXZ 004096f0 f   mysql_connection.obj
 0001:00008720       ??1Mysql_connection@@UAE@XZ 00409720 f   mysql_connection.obj
 0001:00008750       ?check_connection@Mysql_connection@@AAEHXZ 00409750 f   mysql_connection.obj
 0001:000089e0       ?dispatch_command@Mysql_connection@@AAEHW4enum_server_command@@PBD@Z 004099e0 f   mysql_connection.obj
 0001:00008b70       ??_EMysql_connection@@UAEPAXI@Z 00409b70 f i mysql_connection.obj
 0001:00008b70       ??_GMysql_connection@@UAEPAXI@Z 00409b70 f i mysql_connection.obj
 0001:00008ba0       ?do_command@Mysql_connection@@AAEHXZ 00409ba0 f   mysql_connection.obj
 0001:00008c90       ?main@Mysql_connection@@AAEXXZ 00409c90 f   mysql_connection.obj
 0001:00008d50       ?run@Mysql_connection@@MAEXXZ 00409d50 f   mysql_connection.obj
 0001:00008df0       _main                      00409df0 f   mysqlmanager.obj
 0001:00008e80       ?strchr@@YAPADPADH@Z       00409e80 f i options.obj
 0001:00008e90       ?strrchr@@YAPADPADH@Z      00409e90 f i options.obj
 0001:00008ea0       ??0User_management_cmd@@QAE@XZ 00409ea0 f i options.obj
 0001:00008eb0       ??1User_management_cmd@@UAE@XZ 00409eb0 f i options.obj
 0001:00008ec0       ??_EUser_management_cmd@@UAEPAXI@Z 00409ec0 f i options.obj
 0001:00008ec0       ??_GUser_management_cmd@@UAEPAXI@Z 00409ec0 f i options.obj
 0001:00008ef0       ??0Print_password_line_cmd@@QAE@XZ 00409ef0 f i options.obj
 0001:00008f00       ??1Print_password_line_cmd@@UAE@XZ 00409f00 f i options.obj
 0001:00008f10       ??0Add_user_cmd@@QAE@XZ    00409f10 f i options.obj
 0001:00008f20       ??1Add_user_cmd@@UAE@XZ    00409f20 f i options.obj
 0001:00008f30       ??0Drop_user_cmd@@QAE@XZ   00409f30 f i options.obj
 0001:00008f40       ??1Drop_user_cmd@@UAE@XZ   00409f40 f i options.obj
 0001:00008f50       ??0Edit_user_cmd@@QAE@XZ   00409f50 f i options.obj
 0001:00008f60       ??1Edit_user_cmd@@UAE@XZ   00409f60 f i options.obj
 0001:00008f70       ??0Clean_db_cmd@@QAE@XZ    00409f70 f i options.obj
 0001:00008f80       ??1Clean_db_cmd@@UAE@XZ    00409f80 f i options.obj
 0001:00008f90       ??0Check_db_cmd@@QAE@XZ    00409f90 f i options.obj
 0001:00008fa0       ??1Check_db_cmd@@UAE@XZ    00409fa0 f i options.obj
 0001:00008fb0       ??0List_users_cmd@@QAE@XZ  00409fb0 f i options.obj
 0001:00008fc0       ??1List_users_cmd@@UAE@XZ  00409fc0 f i options.obj
 0001:00009350       ?cleanup@Options@@SAXXZ    0040a350 f   options.obj
 0001:00009520       ??_EPrint_password_line_cmd@@UAEPAXI@Z 0040a520 f i options.obj
 0001:00009520       ??_GPrint_password_line_cmd@@UAEPAXI@Z 0040a520 f i options.obj
 0001:00009550       ??_GAdd_user_cmd@@UAEPAXI@Z 0040a550 f i options.obj
 0001:00009550       ??_EAdd_user_cmd@@UAEPAXI@Z 0040a550 f i options.obj
 0001:00009580       ??_GDrop_user_cmd@@UAEPAXI@Z 0040a580 f i options.obj
 0001:00009580       ??_EDrop_user_cmd@@UAEPAXI@Z 0040a580 f i options.obj
 0001:000095b0       ??_EEdit_user_cmd@@UAEPAXI@Z 0040a5b0 f i options.obj
 0001:000095b0       ??_GEdit_user_cmd@@UAEPAXI@Z 0040a5b0 f i options.obj
 0001:000095e0       ??_GClean_db_cmd@@UAEPAXI@Z 0040a5e0 f i options.obj
 0001:000095e0       ??_EClean_db_cmd@@UAEPAXI@Z 0040a5e0 f i options.obj
 0001:00009610       ??_GCheck_db_cmd@@UAEPAXI@Z 0040a610 f i options.obj
 0001:00009610       ??_ECheck_db_cmd@@UAEPAXI@Z 0040a610 f i options.obj
 0001:00009640       ??_GList_users_cmd@@UAEPAXI@Z 0040a640 f i options.obj
 0001:00009640       ??_EList_users_cmd@@UAEPAXI@Z 0040a640 f i options.obj
 0001:00009670       ?load@Options@@SAHHPAPAD@Z 0040a670 f   options.obj
 0001:000097f0       ??0Show_instances@@QAE@XZ  0040a7f0 f i parse.obj
 0001:00009810       ??1Show_instances@@UAE@XZ  0040a810 f i parse.obj
 0001:00009820       ??0Flush_instances@@QAE@XZ 0040a820 f i parse.obj
 0001:00009840       ??1Flush_instances@@UAE@XZ 0040a840 f i parse.obj
 0001:00009850       ??0Set_option@@QAE@XZ      0040a850 f i parse.obj
 0001:00009870       ??1Set_option@@UAE@XZ      0040a870 f i parse.obj
 0001:00009880       ??0Unset_option@@QAE@XZ    0040a880 f i parse.obj
 0001:000098a0       ??1Unset_option@@UAE@XZ    0040a8a0 f i parse.obj
 0001:000098b0       ??0Syntax_error@@QAE@XZ    0040a8b0 f i parse.obj
 0001:000098d0       ??1Syntax_error@@UAE@XZ    0040a8d0 f i parse.obj
 0001:000098e0       ??0Named_value_arr@@QAE@XZ 0040a8e0 f   parse.obj
 0001:000098f0       ?init@Named_value_arr@@QAE_NXZ 0040a8f0 f   parse.obj
 0001:00009920       ??1Named_value_arr@@QAE@XZ 0040a920 f   parse.obj
 0001:000099b0       ?find_token@@YA?AW4Token@@PBDI@Z 0040a9b0 f i parse.obj
 0001:00009a10       ?get_token@@YA?AW4Token@@PAPBDPAI@Z 0040aa10 f   parse.obj
 0001:00009a50       ?shift_token@@YA?AW4Token@@PAPBDPAI@Z 0040aa50 f   parse.obj
 0001:00009a80       ?get_text_id@@YAHPAPBDPAUst_mysql_lex_string@@@Z 0040aa80 f   parse.obj
 0001:00009b00       ?parse_option_value@@YA_NPBDPAIPAPAD@Z 0040ab00 f   parse.obj
 0001:00009ca0       ?skip_spaces@@YAXPAPBD@Z   0040aca0 f   parse.obj
 0001:00009ce0       ?parse_command@@YAPAVCommand@@PBD@Z 0040ace0 f   parse.obj
 0001:0000a430       ??_EShow_instances@@UAEPAXI@Z 0040b430 f i parse.obj
 0001:0000a430       ??_GShow_instances@@UAEPAXI@Z 0040b430 f i parse.obj
 0001:0000a460       ??_GFlush_instances@@UAEPAXI@Z 0040b460 f i parse.obj
 0001:0000a460       ??_EFlush_instances@@UAEPAXI@Z 0040b460 f i parse.obj
 0001:0000a490       ??_GSet_option@@UAEPAXI@Z  0040b490 f i parse.obj
 0001:0000a490       ??_ESet_option@@UAEPAXI@Z  0040b490 f i parse.obj
 0001:0000a4c0       ??_GUnset_option@@UAEPAXI@Z 0040b4c0 f i parse.obj
 0001:0000a4c0       ??_EUnset_option@@UAEPAXI@Z 0040b4c0 f i parse.obj
 0001:0000a4f0       ??_GSyntax_error@@UAEPAXI@Z 0040b4f0 f i parse.obj
 0001:0000a4f0       ??_ESyntax_error@@UAEPAXI@Z 0040b4f0 f i parse.obj
 0001:0000a520       ?trim_space@?A0xeb7eef7f@@YAXPAPBDPAI@Z 0040b520 f   parse_output.obj
 0001:0000a5a0       ??0Mysqld_output_parser@?A0xeb7eef7f@@QAE@XZ 0040b5a0 f i parse_output.obj
 0001:0000a5b0       ??1Mysqld_output_parser@?A0xeb7eef7f@@UAE@XZ 0040b5b0 f i parse_output.obj
 0001:0000a5c0       ??_EMysqld_output_parser@?A0xeb7eef7f@@UAEPAXI@Z 0040b5c0 f i parse_output.obj
 0001:0000a5c0       ??_GMysqld_output_parser@?A0xeb7eef7f@@UAEPAXI@Z 0040b5c0 f i parse_output.obj
 0001:0000a5f0       ?parse@Mysqld_output_parser@?A0xeb7eef7f@@QAE_NPBD0IPADIW4enum_option_type@@@Z 0040b5f0 f   parse_output.obj
 0001:0000a750       ??0Mysqld_output_parser_win@?A0xeb7eef7f@@QAE@XZ 0040b750 f i parse_output.obj
 0001:0000a770       ??1Mysqld_output_parser_win@?A0xeb7eef7f@@UAE@XZ 0040b770 f i parse_output.obj
 0001:0000a780       ?run_command@Mysqld_output_parser_win@?A0xeb7eef7f@@MAE_NPBD@Z 0040b780 f   parse_output.obj
 0001:0000a880       ?read_line@Mysqld_output_parser_win@?A0xeb7eef7f@@MAE_NPADI@Z 0040b880 f   parse_output.obj
 0001:0000a930       ?cleanup@Mysqld_output_parser_win@?A0xeb7eef7f@@MAE_NXZ 0040b930 f   parse_output.obj
 0001:0000a960       ?parse_output_and_get_value@@YA_NPBD0IPADIW4enum_option_type@@@Z 0040b960 f   parse_output.obj
 0001:0000a9c0       ??_GMysqld_output_parser_win@?A0xeb7eef7f@@UAEPAXI@Z 0040b9c0 f i parse_output.obj
 0001:0000a9c0       ??_EMysqld_output_parser_win@?A0xeb7eef7f@@UAEPAXI@Z 0040b9c0 f i parse_output.obj
 0001:0000a9f0       ?create_pid_file@@YA_NPBDH@Z 0040b9f0 f   priv.obj
 0001:0000aac0       ?net_send_error@@YAHPAUst_net@@I@Z 0040bac0 f   protocol.obj
 0001:0000abb0       ?net_send_error_323@@YAHPAUst_net@@I@Z 0040bbb0 f   protocol.obj
 0001:0000ac80       ?net_store_length@@YAPADPADI@Z 0040bc80 f   protocol.obj
 0001:0000acb0       ?store_to_protocol_packet@@YAHPAVBuffer@@PBDPAII@Z 0040bcb0 f   protocol.obj
 0001:0000ad30       ?store_to_protocol_packet@@YAHPAVBuffer@@PBDPAI@Z 0040bd30 f   protocol.obj
 0001:0000ad70       ?send_eof@@YAHPAUst_net@@@Z 0040bd70 f   protocol.obj
 0001:0000add0       ?send_fields@@YAHPAUst_net@@PAUst_list@@@Z 0040bdd0 f   protocol.obj
 0001:0000b000       ?net_send_ok@@YAHPAUst_net@@KPBD@Z 0040c000 f   protocol.obj
 0001:0000b140       ?init@Thread_info@@AAEX_N@Z 0040c140 f   thread_registry.obj
 0001:0000b160       ??0Thread_registry@@QAE@XZ 0040c160 f   thread_registry.obj
 0001:0000b1b0       ??1Thread_registry@@QAE@XZ 0040c1b0 f   thread_registry.obj
 0001:0000b210       ?register_thread@Thread_registry@@QAEXPAVThread_info@@_N@Z 0040c210 f   thread_registry.obj
 0001:0000b270       ?unregister_thread@Thread_registry@@QAEXPAVThread_info@@@Z 0040c270 f   thread_registry.obj
 0001:0000b2d0       ?cond_wait@Thread_registry@@QAEHPAVThread_info@@PAUpthread_cond_t@@PAU_RTL_CRITICAL_SECTION@@@Z 0040c2d0 f   thread_registry.obj
 0001:0000b350       ?cond_timedwait@Thread_registry@@QAEHPAVThread_info@@PAUpthread_cond_t@@PAU_RTL_CRITICAL_SECTION@@PAUtimespec@@@Z 0040c350 f   thread_registry.obj
 0001:0000b3e0       ?request_shutdown@Thread_registry@@QAEXXZ 0040c3e0 f   thread_registry.obj
 0001:0000b400       ?interrupt_threads@Thread_registry@@AAEXXZ 0040c400 f   thread_registry.obj
 0001:0000b460       ?wait_for_threads_to_unregister@Thread_registry@@AAEXXZ 0040c460 f   thread_registry.obj
 0001:0000b4f0       ??1Thread@@MAE@XZ          0040c4f0 f   thread_registry.obj
 0001:0000b500       ?thread_func@Thread@@CAPAXPAX@Z 0040c500 f   thread_registry.obj
 0001:0000b520       ?start@Thread@@QAE_NW4enum_thread_type@1@@Z 0040c520 f   thread_registry.obj
 0001:0000b5a0       ?join@Thread@@QAE_NXZ      0040c5a0 f   thread_registry.obj
 0001:0000b5c0       ?get_error_status@Thread_registry@@QAEHXZ 0040c5c0 f   thread_registry.obj
 0001:0000b5f0       ?set_error_status@Thread_registry@@QAEXXZ 0040c5f0 f   thread_registry.obj
 0001:0000b620       ?deliver_shutdown@Thread_registry@@QAEXXZ 0040c620 f   thread_registry.obj
 0001:0000b670       ??0User@@QAE@XZ            0040c670 f i user_map.obj
 0001:0000b680       ?set_password@User@@QAEXPBD@Z 0040c680 f i user_map.obj
 0001:0000b6a0       ??0Iterator@User_map@@QAE@PAV1@@Z 0040c6a0 f i user_map.obj
 0001:0000b6c0       ??0User@@QAE@PBUst_mysql_lex_string@@PBD@Z 0040c6c0 f   user_map.obj
 0001:0000b700       ?init@User@@QAEHPBD@Z      0040c700 f   user_map.obj
 0001:0000b8b0       ?reset@Iterator@User_map@@QAEXXZ 0040c8b0 f   user_map.obj
 0001:0000b8c0       ?next@Iterator@User_map@@QAEPAUUser@@XZ 0040c8c0 f   user_map.obj
 0001:0000b8f0       ?init@User_map@@QAEHXZ     0040c8f0 f   user_map.obj
 0001:0000b940       ??0User_map@@QAE@XZ        0040c940 f   user_map.obj
 0001:0000b950       ??1User_map@@QAE@XZ        0040c950 f   user_map.obj
 0001:0000b970       ?load@User_map@@QAEHPBDPAPBD@Z 0040c970 f   user_map.obj
 0001:0000bcc0       ?save@User_map@@QAEHPBDPAPBD@Z 0040ccc0 f   user_map.obj
 0001:0000be10       ?find_user@User_map@@QAEPAUUser@@PBUst_mysql_lex_string@@@Z 0040ce10 f   user_map.obj
 0001:0000be30       ?find_user@User_map@@QBEPBUUser@@PBUst_mysql_lex_string@@@Z 0040ce30 f   user_map.obj
 0001:0000be40       ?add_user@User_map@@QAE_NPAUUser@@@Z 0040ce40 f   user_map.obj
 0001:0000be60       ?remove_user@User_map@@QAE_NPAUUser@@@Z 0040ce60 f   user_map.obj
 0001:0000be80       ?authenticate@User_map@@QBEHPBUst_mysql_lex_string@@PBD1@Z 0040ce80 f   user_map.obj
 0001:0000bec0       ??0IMService@@AAE@XZ       0040cec0 f   IMService.obj
 0001:0000bef0       ?Shutdown@WindowsService@@MAEXXZ 0040cef0 f i IMService.obj
 0001:0000bf00       ?Pause@WindowsService@@MAEXXZ 0040cf00 f i IMService.obj
 0001:0000bf10       ?Continue@WindowsService@@MAEXXZ 0040cf10 f i IMService.obj
 0001:0000bf20       ??1IMService@@AAE@XZ       0040cf20 f   IMService.obj
 0001:0000bf30       ?Stop@IMService@@MAEXXZ    0040cf30 f   IMService.obj
 0001:0000bf50       ?Run@IMService@@MAEXKPAPAD@Z 0040cf50 f   IMService.obj
 0001:0000bfb0       ?Log@IMService@@MAEXPBD@Z  0040cfb0 f   IMService.obj
 0001:0000bfd0       ?main@IMService@@SAHXZ     0040cfd0 f   IMService.obj
 0001:0000c140       ??0WindowsService@@QAE@PBD0@Z 0040d140 f   WindowsService.obj
 0001:0000c190       ?Stop@WindowsService@@MAEXXZ 0040d190 f i WindowsService.obj
 0001:0000c1a0       ?Log@WindowsService@@MAEXPBD@Z 0040d1a0 f i WindowsService.obj
 0001:0000c1b0       ??1WindowsService@@QAE@XZ  0040d1b0 f   WindowsService.obj
 0001:0000c1c0       ?IsInstalled@WindowsService@@QAEHXZ 0040d1c0 f   WindowsService.obj
 0001:0000c210       ?SetAcceptedControls@WindowsService@@QAEXK@Z 0040d210 f   WindowsService.obj
 0001:0000c220       ?ReportStatus@WindowsService@@IAEHKKK@Z 0040d220 f   WindowsService.obj
 0001:0000c2e0       ?HandleControlCode@WindowsService@@IAEXK@Z 0040d2e0 f   WindowsService.obj
 0001:0000c380       ?ControlHandler@WindowsService@@SGXK@Z 0040d380 f   WindowsService.obj
 0001:0000c390       ?Install@WindowsService@@QAEHPBD0@Z 0040d390 f   WindowsService.obj
 0001:0000c480       ?Remove@WindowsService@@QAEHXZ 0040d480 f   WindowsService.obj
 0001:0000c510       ?RegisterAndRun@WindowsService@@IAEXKPAPAD@Z 0040d510 f   WindowsService.obj
 0001:0000c580       ?ServiceMain@WindowsService@@SGXKPAPAD@Z 0040d580 f   WindowsService.obj
 0001:0000c590       ?Init@WindowsService@@QAEHXZ 0040d590 f   WindowsService.obj
 0001:0000c860       ?execute@Print_password_line_cmd@@UAEHXZ 0040d860 f   user_management_commands.obj
 0001:0000c920       ?execute@Add_user_cmd@@UAEHXZ 0040d920 f   user_management_commands.obj
 0001:0000ca70       ?execute@Drop_user_cmd@@UAEHXZ 0040da70 f   user_management_commands.obj
 0001:0000cb40       ?execute@Edit_user_cmd@@UAEHXZ 0040db40 f   user_management_commands.obj
 0001:0000cc40       ?execute@Clean_db_cmd@@UAEHXZ 0040dc40 f   user_management_commands.obj
 0001:0000ccc0       ?execute@Check_db_cmd@@UAEHXZ 0040dcc0 f   user_management_commands.obj
 0001:0000cd00       ?execute@List_users_cmd@@UAEHXZ 0040dd00 f   user_management_commands.obj
 0001:0000cdb0       _my_net_init               0040ddb0 f   net_serv.obj
 0001:0000ce60       _net_end                   0040de60 f   net_serv.obj
 0001:0000ce80       _net_realloc               0040de80 f   net_serv.obj
 0001:0000cfb0       _net_clear                 0040dfb0 f   net_serv.obj
 0001:0000d030       _net_real_write            0040e030 f   net_serv.obj
 0001:0000d4d0       _my_net_read               0040e4d0 f   net_serv.obj
 0001:0000d720       _my_net_set_read_timeout   0040e720 f   net_serv.obj
 0001:0000d750       _my_net_set_write_timeout  0040e750 f   net_serv.obj
 0001:0000d780       _net_flush                 0040e780 f   net_serv.obj
 0001:0000d8e0       _my_net_write              0040e8e0 f   net_serv.obj
 0001:0000d9e0       _net_write_command         0040e9e0 f   net_serv.obj
 0001:0000dbb0       _net_field_length@4        0040ebb0 f   pack.obj
 0001:0000dc20       _net_field_length_ll       0040ec20 f   pack.obj
 0001:0000dc90       _net_store_length          0040ec90 f   pack.obj
 0001:0000dd30       _randominit                0040ed30 f   password.obj
 0001:0000dd70       _my_rnd                    0040ed70 f   password.obj
 0001:0000ddc0       _hash_password             0040edc0 f   password.obj
 0001:0000de60       _my_make_scrambled_password_323 0040ee60 f   password.obj
 0001:0000deb0       _make_scrambled_password_323 0040eeb0 f   password.obj
 0001:0000def0       _scramble_323              0040eef0 f   password.obj
 0001:0000e040       _check_scramble_323        0040f040 f   password.obj
 0001:0000e1e0       _get_salt_from_password_323 0040f1e0 f   password.obj
 0001:0000e350       _make_password_from_salt_323 0040f350 f   password.obj
 0001:0000e380       _create_random_string      0040f380 f   password.obj
 0001:0000e3e0       _octet2hex                 0040f3e0 f   password.obj
 0001:0000e510       _my_make_scrambled_password 0040f510 f   password.obj
 0001:0000e5e0       _make_scrambled_password   0040f5e0 f   password.obj
 0001:0000e620       _scramble                  0040f620 f   password.obj
 0001:0000e760       _check_scramble            0040f760 f   password.obj
 0001:0000e910       _get_salt_from_password    0040f910 f   password.obj
 0001:0000e930       _make_password_from_salt   0040f930 f   password.obj
 0001:0000e960       _mysql_errno_to_sqlstate   0040f960 f   sql_state.obj
 0001:0000e9c0       _my_connect                0040f9c0 f   client.obj
 0001:0000e9e0       _set_mysql_error           0040f9e0 f   client.obj
 0001:0000ea50       _net_clear_error           0040fa50 f   client.obj
 0001:0000ead0       _create_named_pipe         0040fad0 f   client.obj
 0001:0000ed20       _free_rows                 0040fd20 f   client.obj
 0001:0000ed50       _free_old_query            0040fd50 f   client.obj
 0001:0000ee00       _mysql_free_result@4       0040fe00 f   client.obj
 0001:0000ef40       _mysql_read_default_options 0040ff40 f   client.obj
 0001:0000f4f0       _unpack_fields             004104f0 f   client.obj
 0001:0000f930       _mysql_init@4              00410930 f   client.obj
 0001:0000fa20       _mysql_ssl_set@24          00410a20 f   client.obj
 0001:0000fba0       _mysql_get_ssl_cipher@4    00410ba0 f   client.obj
 0001:0000fd20       _mysql_init_character_set  00410d20 f   client.obj
 0001:0000ffc0       _mysql_select_db@8         00410fc0 f   client.obj
 0001:00010270       _mysql_detach_stmt_list    00411270 f   client.obj
 0001:00010280       _mysql_send_query@12       00411280 f   client.obj
 0001:000102c0       _mysql_real_query@12       004112c0 f   client.obj
 0001:00010310       _mysql_store_result@4      00411310 f   client.obj
 0001:000105e0       _mysql_fetch_lengths@4     004115e0 f   client.obj
 0001:00010620       _mysql_options@12          00411620 f   client.obj
 0001:00010970       _mysql_num_rows@4          00411970 f   client.obj
 0001:00010980       _mysql_num_fields@4        00411980 f   client.obj
 0001:00010990       _mysql_errno@4             00411990 f   client.obj
 0001:000109b0       _mysql_error@4             004119b0 f   client.obj
 0001:000109d0       _mysql_get_server_version@4 004119d0 f   client.obj
 0001:00010a40       _mysql_set_character_set@8 00411a40 f   client.obj
 0001:00010b90       _end_server                00411b90 f   client.obj
 0001:00010bf0       _mysql_close@4             00411bf0 f   client.obj
 0001:00010cd0       _cli_safe_read             00411cd0 f   client.obj
 0001:00010eb0       _cli_read_rows             00411eb0 f   client.obj
 0001:000112b0       _mysql_real_connect@32     004122b0 f   client.obj
 0001:00012230       _mysql_reconnect           00413230 f   client.obj
 0001:000126a0       _mysql_fetch_row@4         004136a0 f   client.obj
 0001:00012790       _cli_advanced_command      00413790 f   client.obj
 0001:00012970       _get_tty_password          00413970 f   get_password.obj
 0001:00012aa0       _init_client_errs          00413aa0 f   errmsg.obj
 0001:00012ac0       _finish_client_errs        00413ac0 f   errmsg.obj
 0001:00012ad8       _InitializeCriticalSection@4 00413ad8 f   kernel32:KERNEL32.dll
 0001:00012ade       _EnterCriticalSection@4    00413ade f   kernel32:KERNEL32.dll
 0001:00012ae4       _LeaveCriticalSection@4    00413ae4 f   kernel32:KERNEL32.dll
 0001:00012aea       _DeleteCriticalSection@4   00413aea f   kernel32:KERNEL32.dll
 0001:00012af0       _GetSystemTimeAsFileTime@4 00413af0 f   kernel32:KERNEL32.dll
 0001:00012af6       _CloseHandle@4             00413af6 f   kernel32:KERNEL32.dll
 0001:00012afc       _GetExitCodeProcess@8      00413afc f   kernel32:KERNEL32.dll
 0001:00012b02       _WaitForSingleObject@8     00413b02 f   kernel32:KERNEL32.dll
 0001:00012b08       _CreateProcessA@40         00413b08 f   kernel32:KERNEL32.dll
 0001:00012b0e       _SetLastError@4            00413b0e f   kernel32:KERNEL32.dll
 0001:00012b14       _GetLastError@0            00413b14 f   kernel32:KERNEL32.dll
 0001:00012b1a       _CreateRemoteThread@28     00413b1a f   kernel32:KERNEL32.dll
 0001:00012b20       _GetProcAddress@8          00413b20 f   kernel32:KERNEL32.dll
 0001:00012b26       _DuplicateHandle@28        00413b26 f   kernel32:KERNEL32.dll
 0001:00012b2c       _GetCurrentProcess@0       00413b2c f   kernel32:KERNEL32.dll
 0001:00012b32       _GetModuleHandleA@4        00413b32 f   kernel32:KERNEL32.dll
 0001:00012b38       _TerminateProcess@8        00413b38 f   kernel32:KERNEL32.dll
 0001:00012b3e       _OpenProcess@12            00413b3e f   kernel32:KERNEL32.dll
 0001:00012b44       _GetCurrentThreadId@0      00413b44 f   kernel32:KERNEL32.dll
 0001:00012b4a       _Sleep@4                   00413b4a f   kernel32:KERNEL32.dll
 0001:00012b50       _GetFullPathNameA@16       00413b50 f   kernel32:KERNEL32.dll
 0001:00012b56       _GetModuleFileNameA@12     00413b56 f   kernel32:KERNEL32.dll
 0001:00012b5c       _SetHandleInformation@12   00413b5c f   kernel32:KERNEL32.dll
 0001:00012b62       _CreatePipe@16             00413b62 f   kernel32:KERNEL32.dll
 0001:00012b68       _ReadFile@20               00413b68 f   kernel32:KERNEL32.dll
 0001:00012b6e       _SetNamedPipeHandleState@16 00413b6e f   kernel32:KERNEL32.dll
 0001:00012b74       _WaitNamedPipeA@8          00413b74 f   kernel32:KERNEL32.dll
 0001:00012b7a       _CreateFileA@28            00413b7a f   kernel32:KERNEL32.dll
 0001:00012b80       _CloseServiceHandle@4      00413b80 f   advapi32:ADVAPI32.dll
 0001:00012b86       _OpenServiceA@12           00413b86 f   advapi32:ADVAPI32.dll
 0001:00012b8c       _OpenSCManagerA@12         00413b8c f   advapi32:ADVAPI32.dll
 0001:00012b92       _SetServiceStatus@8        00413b92 f   advapi32:ADVAPI32.dll
 0001:00012b98       _CreateServiceA@52         00413b98 f   advapi32:ADVAPI32.dll
 0001:00012b9e       _DeleteService@4           00413b9e f   advapi32:ADVAPI32.dll
 0001:00012ba4       _RegisterServiceCtrlHandlerA@8 00413ba4 f   advapi32:ADVAPI32.dll
 0001:00012baa       _StartServiceCtrlDispatcherA@4 00413baa f   advapi32:ADVAPI32.dll
 0001:00012bb0       _my_realloc                00413bb0 f   mysys:my_realloc.obj
 0001:00012c30       _my_malloc                 00413c30 f   mysys:my_malloc.obj
 0001:00012cb0       _my_no_flags_free          00413cb0 f   mysys:my_malloc.obj
 0001:00012cd0       _my_memdup                 00413cd0 f   mysys:my_malloc.obj
 0001:00012d00       _my_strdup                 00413d00 f   mysys:my_malloc.obj
 0001:00012d50       _my_strndup                00413d50 f   mysys:my_malloc.obj
 0001:00012d90       _init_dynamic_array2       00413d90 f   mysys:array.obj
 0001:00012e10       _init_dynamic_array        00413e10 f   mysys:array.obj
 0001:00012e30       _alloc_dynamic             00413e30 f   mysys:array.obj
 0001:00012ec0       _pop_dynamic               00413ec0 f   mysys:array.obj
 0001:00012ee0       _allocate_dynamic          00413ee0 f   mysys:array.obj
 0001:00012f60       _get_dynamic               00413f60 f   mysys:array.obj
 0001:00012fa0       _delete_dynamic            00413fa0 f   mysys:array.obj
 0001:00012fe0       _delete_dynamic_element    00413fe0 f   mysys:array.obj
 0001:00013010       _freeze_size               00414010 f   mysys:array.obj
 0001:00013050       _get_index_dynamic         00414050 f   mysys:array.obj
 0001:00013070       _insert_dynamic            00414070 f   mysys:array.obj
 0001:000130c0       _set_dynamic               004140c0 f   mysys:array.obj
 0001:00013130       _my_charset_same           00414130 f   mysys:charset.obj
 0001:00013790       _get_charsets_dir          00414790 f   mysys:charset.obj
 0001:00013850       _add_compiled_collation    00414850 f   mysys:charset.obj
 0001:00013920       _free_charsets             00414920 f   mysys:charset.obj
 0001:00013930       _get_collation_number      00414930 f   mysys:charset.obj
 0001:00013950       _get_charset_number        00414950 f   mysys:charset.obj
 0001:000139c0       _get_charset_name          004149c0 f   mysys:charset.obj
 0001:00013af0       _get_charset               00414af0 f   mysys:charset.obj
 0001:00013bd0       _get_charset_by_name       00414bd0 f   mysys:charset.obj
 0001:00013c70       _get_charset_by_csname     00414c70 f   mysys:charset.obj
 0001:00013d20       _resolve_charset           00414d20 f   mysys:charset.obj
 0001:00013d50       _resolve_collation         00414d50 f   mysys:charset.obj
 0001:00013d80       _escape_string_for_mysql   00414d80 f   mysys:charset.obj
 0001:00013f30       _fs_character_set          00414f30 f   mysys:charset.obj
 0001:00013fc0       _escape_quotes_for_mysql   00414fc0 f   mysys:charset.obj
 0001:000140a0       _list_add                  004150a0 f   mysys:list.obj
 0001:000140d0       _list_delete               004150d0 f   mysys:list.obj
 0001:00014100       _list_free                 00415100 f   mysys:list.obj
 0001:00014140       _list_cons                 00415140 f   mysys:list.obj
 0001:00014170       _list_reverse              00415170 f   mysys:list.obj
 0001:000141a0       _list_length               004151a0 f   mysys:list.obj
 0001:000141c0       _list_walk                 004151c0 f   mysys:list.obj
 0001:00014230       _modify_defaults_file      00415230 f   mysys:default_modify.obj
 0001:000146a0       _my_read                   004156a0 f   mysys:my_read.obj
 0001:000147d0       _my_seek                   004157d0 f   mysys:my_seek.obj
 0001:000148a0       _my_tell                   004158a0 f   mysys:my_seek.obj
 0001:00014920       _my_dirend                 00415920 f   mysys:my_lib.obj
 0001:00014990       _my_dir                    00415990 f   mysys:my_lib.obj
 0001:00014c20       _my_fstat                  00415c20 f   mysys:my_lib.obj
 0001:00014c40       _my_stat                   00415c40 f   mysys:my_lib.obj
 0001:00014cd0       _my_close                  00415cd0 f   mysys:my_open.obj
 0001:00014d90       _my_register_filename      00415d90 f   mysys:my_open.obj
 0001:00014ea0       _my_sopen                  00415ea0 f   mysys:my_open.obj
 0001:00015140       _my_open                   00416140 f   mysys:my_open.obj
 0001:000151f0       __my_hash_init             004161f0 f   mysys:hash.obj
 0001:00015290       _my_hash_free              00416290 f   mysys:hash.obj
 0001:000152c0       _my_hash_reset             004162c0 f   mysys:hash.obj
 0001:00015430       _my_hash_delete            00416430 f   mysys:hash.obj
 0001:00015670       _my_hash_element           00416670 f   mysys:hash.obj
 0001:00015690       _my_hash_replace           00416690 f   mysys:hash.obj
 0001:000156b0       _my_hash_first             004166b0 f   mysys:hash.obj
 0001:00015760       _my_hash_next              00416760 f   mysys:hash.obj
 0001:000157d0       _my_hash_update            004167d0 f   mysys:hash.obj
 0001:000159d0       _my_hash_search            004169d0 f   mysys:hash.obj
 0001:000159f0       _my_hash_insert            004169f0 f   mysys:hash.obj
 0001:00015ce0       _pthread_cond_init         00416ce0 f   mysys:my_wincond.obj
 0001:00015d40       _pthread_cond_destroy      00416d40 f   mysys:my_wincond.obj
 0001:00015d90       _pthread_cond_timedwait    00416d90 f   mysys:my_wincond.obj
 0001:00015e70       _pthread_cond_signal       00416e70 f   mysys:my_wincond.obj
 0001:00015ea0       _pthread_cond_broadcast    00416ea0 f   mysys:my_wincond.obj
 0001:00015ee0       _pthread_attr_init         00416ee0 f   mysys:my_wincond.obj
 0001:00015f00       _pthread_attr_setstacksize 00416f00 f   mysys:my_wincond.obj
 0001:00015f10       _pthread_attr_setprio      00416f10 f   mysys:my_wincond.obj
 0001:00015f20       _pthread_attr_destroy      00416f20 f   mysys:my_wincond.obj
 0001:00015f30       _localtime_r               00416f30 f   mysys:my_wincond.obj
 0001:00015fa0       _pthread_cond_wait         00416fa0 f   mysys:my_wincond.obj
 0001:00015fc0       _my_sleep                  00416fc0 f   mysys:my_sleep.obj
 0001:00015fe0       _my_write                  00416fe0 f   mysys:my_write.obj
 0001:00016130       _my_access                 00417130 f   mysys:my_access.obj
 0001:000161c0       _check_if_legal_tablename  004171c0 f   mysys:my_access.obj
 0001:00016210       _check_if_legal_filename   00417210 f   mysys:my_access.obj
 0001:00016340       _get_defaults_options      00417340 f   mysys:default.obj
 0001:00016410       _free_defaults             00417410 f   mysys:default.obj
 0001:00016eb0       _my_print_default_files    00417eb0 f   mysys:default.obj
 0001:00017030       _print_defaults            00418030 f   mysys:default.obj
 0001:00017150       _my_search_option_files    00418150 f   mysys:default.obj
 0001:000173c0       _my_load_defaults          004183c0 f   mysys:default.obj
 0001:000176a0       _load_defaults             004186a0 f   mysys:default.obj
 0001:000176d0       _init_alloc_root           004186d0 f   mysys:my_alloc.obj
 0001:00017730       _reset_root_defaults       00418730 f   mysys:my_alloc.obj
 0001:000177d0       _alloc_root                004187d0 f   mysys:my_alloc.obj
 0001:000178b0       _multi_alloc_root          004188b0 f   mysys:my_alloc.obj
 0001:00017970       _free_root                 00418970 f   mysys:my_alloc.obj
 0001:00017a10       _set_prealloc_root         00418a10 f   mysys:my_alloc.obj
 0001:00017a60       _strmake_root              00418a60 f   mysys:my_alloc.obj
 0001:00017aa0       _memdup_root               00418aa0 f   mysys:my_alloc.obj
 0001:00017ad0       _strdup_root               00418ad0 f   mysys:my_alloc.obj
 0001:00017b00       _strlength                 00418b00 f   mysys:mf_format.obj
 0001:00017b50       _fn_format                 00418b50 f   mysys:mf_format.obj
 0001:00017d90       _my_load_path              00418d90 f   mysys:mf_loadpath.obj
 0001:00017f60       _my_freopen                00418f60 f   mysys:my_fopen.obj
 0001:00017f80       _my_fclose                 00418f80 f   mysys:my_fopen.obj
 0001:000180a0       _my_fopen                  004190a0 f   mysys:my_fopen.obj
 0001:00018210       _my_fdopen                 00419210 f   mysys:my_fopen.obj
 0001:00018310       _dirname_length            00419310 f   mysys:mf_dirname.obj
 0001:00018360       _convert_dirname           00419360 f   mysys:mf_dirname.obj
 0001:00018410       _dirname_part              00419410 f   mysys:mf_dirname.obj
 0001:00018440       _my_thread_global_end      00419440 f   mysys:my_thr_init.obj
 0001:00018550       _my_thread_end             00419550 f   mysys:my_thr_init.obj
 0001:000185c0       __my_thread_var            004195c0 f   mysys:my_thr_init.obj
 0001:000185e0       _my_thread_dbug_id         004195e0 f   mysys:my_thr_init.obj
 0001:000185f0       _my_thread_name            004195f0 f   mysys:my_thr_init.obj
 0001:00018610       _my_thread_init            00419610 f   mysys:my_thr_init.obj
 0001:00018690       _my_thread_global_init     00419690 f   mysys:my_thr_init.obj
 0001:00018750       _my_delete                 00419750 f   mysys:my_delete.obj
 0001:000187d0       _nt_share_delete           004197d0 f   mysys:my_delete.obj
 0001:00018900       _my_end                    00419900 f   mysys:my_init.obj
 0001:000189d0       _my_parameter_handler      004199d0 f   mysys:my_init.obj
 0001:00018cf0       _my_init                   00419cf0 f   mysys:my_init.obj
 0001:00018e30       _my_getopt_register_get_addr 00419e30 f   mysys:my_getopt.obj
 0001:00018e90       _getopt_compare_strings    00419e90 f   mysys:my_getopt.obj
 0001:00018fe0       _getopt_ll_limit_value     00419fe0 f   mysys:my_getopt.obj
 0001:00019150       _getopt_ull_limit_value    0041a150 f   mysys:my_getopt.obj
 0001:00019550       _my_print_help             0041a550 f   mysys:my_getopt.obj
 0001:00019780       _my_print_variables        0041a780 f   mysys:my_getopt.obj
 0001:00019b50       _my_cleanup_options        0041ab50 f   mysys:my_getopt.obj
 0001:00019d20       _handle_options            0041ad20 f   mysys:my_getopt.obj
 0001:0001a730       _gmtime_r                  0041b730 f   mysys:my_pthread.obj
 0001:0001a770       _pthread_no_free           0041b770 f   mysys:my_pthread.obj
 0001:0001a780       _pthread_dummy             0041b780 f   mysys:my_pthread.obj
 0001:0001a790       _win_pthread_init          0041b790 f   mysys:my_winthread.obj
 0001:0001a7a0       _win_pthread_mutex_trylock 0041b7a0 f   mysys:my_winthread.obj
 0001:0001a7d0       _pthread_exit              0041b7d0 f   mysys:my_winthread.obj
 0001:0001a7e0       _win_pthread_setspecific   0041b7e0 f   mysys:my_winthread.obj
 0001:0001a800       _my_pthread_once           0041b800 f   mysys:my_winthread.obj
 0001:0001a850       _pthread_start             0041b850 f   mysys:my_winthread.obj
 0001:0001a8a0       _pthread_create            0041b8a0 f   mysys:my_winthread.obj
 0001:0001a930       _my_error                  0041b930 f   mysys:my_error.obj
 0001:0001a9e0       _my_printf_error           0041b9e0 f   mysys:my_error.obj
 0001:0001aa50       _my_message                0041ba50 f   mysys:my_error.obj
 0001:0001aa60       _my_error_register         0041ba60 f   mysys:my_error.obj
 0001:0001aae0       _my_error_unregister       0041bae0 f   mysys:my_error.obj
 0001:0001ab30       _my_error_unregister_all   0041bb30 f   mysys:my_error.obj
 0001:0001ab70       _my_compress_alloc         0041bb70 f   mysys:my_compress.obj
 0001:0001ac00       _my_uncompress             0041bc00 f   mysys:my_compress.obj
 0001:0001ac80       _unpackfrm                 0041bc80 f   mysys:my_compress.obj
 0001:0001ad10       _my_compress               0041bd10 f   mysys:my_compress.obj
 0001:0001ad70       _packfrm                   0041bd70 f   mysys:my_compress.obj
 0001:0001ae00       _mysql_sha1_reset          0041be00 f   mysys:sha1.obj
 0001:0001b4a0       _mysql_sha1_result         0041c4a0 f   mysys:sha1.obj
 0001:0001b510       _mysql_sha1_input          0041c510 f   mysys:sha1.obj
 0001:0001b560       _find_type                 0041c560 f   mysys:typelib.obj
 0001:0001b6f0       _get_type                  0041c6f0 f   mysys:typelib.obj
 0001:0001b710       _find_typeset              0041c710 f   mysys:typelib.obj
 0001:0001b7b0       _copy_typelib              0041c7b0 f   mysys:typelib.obj
 0001:0001b880       _find_type_or_exit         0041c880 f   mysys:typelib.obj
 0001:0001b950       _make_type                 0041c950 f   mysys:typelib.obj
 0001:0001b980       _my_multi_malloc           0041c980 f   mysys:mulalloc.obj
 0001:0001b9f0       _my_inet_ntoa              0041c9f0 f   mysys:my_net.obj
 0001:0001ba20       _my_gethostbyname_r        0041ca20 f   mysys:my_net.obj
 0001:0001ba50       _my_gethostbyname_r_free   0041ca50 f   mysys:my_net.obj
 0001:0001ba60       _thr_alarm_kill            0041ca60 f   mysys:thr_alarm.obj
 0001:0001ba70       _process_alarm             0041ca70 f   mysys:thr_alarm.obj
 0001:0001ba80       _thr_alarm                 0041ca80 f   mysys:thr_alarm.obj
 0001:0001bad0       _thr_got_alarm             0041cad0 f   mysys:thr_alarm.obj
 0001:0001bb40       _thr_end_alarm             0041cb40 f   mysys:thr_alarm.obj
 0001:0001bb70       _end_thr_alarm             0041cb70 f   mysys:thr_alarm.obj
 0001:0001bb80       _init_thr_alarm            0041cb80 f   mysys:thr_alarm.obj
 0001:0001bb90       _thr_alarm_info            0041cb90 f   mysys:thr_alarm.obj
 0001:0001bba0       _resize_thr_alarm          0041cba0 f   mysys:thr_alarm.obj
 0001:0001bbb0       _my_once_alloc             0041cbb0 f   mysys:my_once.obj
 0001:0001bc70       _my_once_strdup            0041cc70 f   mysys:my_once.obj
 0001:0001bcc0       _my_once_memdup            0041ccc0 f   mysys:my_once.obj
 0001:0001bcf0       _my_once_free              0041ccf0 f   mysys:my_once.obj
 0001:0001bd20       _my_getwd                  0041cd20 f   mysys:my_getwd.obj
 0001:0001bdd0       _test_if_hard_path         0041cdd0 f   mysys:my_getwd.obj
 0001:0001be20       _has_path                  0041ce20 f   mysys:my_getwd.obj
 0001:0001be60       _my_setwd                  0041ce60 f   mysys:my_getwd.obj
 0001:0001bf10       _init_compiled_charsets    0041cf10 f   mysys:charset-def.obj
 0001:0001c200       _my_fread                  0041d200 f   mysys:my_fstream.obj
 0001:0001c2d0       _my_fseek                  0041d2d0 f   mysys:my_fstream.obj
 0001:0001c300       _my_ftell                  0041d300 f   mysys:my_fstream.obj
 0001:0001c310       _my_fwrite                 0041d310 f   mysys:my_fstream.obj
 0001:0001c420       _my_chsize                 0041d420 f   mysys:my_chsize.obj
 0001:0001c5b0       _my_filename               0041d5b0 f   mysys:my_div.obj
 0001:0001c5e0       _my_qsort                  0041d5e0 f   mysys:mf_qsort.obj
 0001:0001cc70       _init_glob_errs            0041dc70 f   mysys:errors.obj
 0001:0001cc80       _wait_for_free_space       0041dc80 f   mysys:errors.obj
 0001:0001ccf0       _array_append_string_unique 0041dcf0 f   mysys:mf_arr_appstr.obj
 0001:0001cd70       _cleanup_dirname           0041dd70 f   mysys:mf_pack.obj
 0001:0001d1d0       _symdirget                 0041e1d0 f   mysys:mf_pack.obj
 0001:0001d310       _system_filename           0041e310 f   mysys:mf_pack.obj
 0001:0001d330       _intern_filename           0041e330 f   mysys:mf_pack.obj
 0001:0001d3b0       _pack_dirname              0041e3b0 f   mysys:mf_pack.obj
 0001:0001d740       _normalize_dirname         0041e740 f   mysys:mf_pack.obj
 0001:0001d7e0       _unpack_dirname            0041e7e0 f   mysys:mf_pack.obj
 0001:0001d8e0       _unpack_filename           0041e8e0 f   mysys:mf_pack.obj
 0001:0001d9a0       _fn_ext                    0041e9a0 f   mysys:mf_fn_ext.obj
 0001:0001da00       _my_readlink               0041ea00 f   mysys:my_symlink.obj
 0001:0001da20       _my_symlink                0041ea20 f   mysys:my_symlink.obj
 0001:0001da30       _my_is_symlink             0041ea30 f   mysys:my_symlink.obj
 0001:0001da50       _my_realpath               0041ea50 f   mysys:my_symlink.obj
 0001:0001dac0       _my_message_no_curses      0041eac0 f   mysys:my_messnc.obj
 0001:0001db60       _my_sync                   0041eb60 f   mysys:my_sync.obj
 0001:0001dbf0       _my_sync_dir               0041ebf0 f   mysys:my_sync.obj
 0001:0001dc00       _my_sync_dir_by_file       0041ec00 f   mysys:my_sync.obj
 0001:0001dc10       _strnmov                   0041ec10 f   strings:strnmov.obj
 0001:0001dc40       _strmake                   0041ec40 f   strings:strmake.obj
 0001:0001dc70       _int2str                   0041ec70 f   strings:int2str.obj
 0001:0001dd50       _int10_to_str              0041ed50 f   strings:int2str.obj
 0001:0001de00       _strxnmov                  0041ee00 f   strings:strxnmov.obj
 0001:0001de50       _strmov                    0041ee50 f   strings:strmov.obj
 0001:0001de70       _strend                    0041ee70 f   strings:strend.obj
 0001:0001de90       _strxmov                   0041ee90 f   strings:strxmov.obj
 0001:0001ded0       _is_prefix                 0041eed0 f   strings:is_prefix.obj
 0001:0001df00       _my_strtoll10              0041ef00 f   strings:my_strtoll10.obj
 0001:0001e460       _my_hash_sort_latin1_de    0041f460 f   strings:ctype-latin1.obj
 0001:0001e500       _my_vsnprintf              0041f500 f   strings:my_vsnprintf.obj
 0001:0001e810       _my_snprintf               0041f810 f   strings:my_vsnprintf.obj
 0001:0001e830       _strcend                   0041f830 f   strings:strcend.obj
 0001:0001e860       _my_strnxfrmlen_simple     0041f860 f   strings:ctype-simple.obj
 0001:0001e880       _my_strnxfrm_simple        0041f880 f   strings:ctype-simple.obj
 0001:0001e900       _my_strnncoll_simple       0041f900 f   strings:ctype-simple.obj
 0001:0001e980       _my_strnncollsp_simple     0041f980 f   strings:ctype-simple.obj
 0001:0001ea40       _my_caseup_str_8bit        0041fa40 f   strings:ctype-simple.obj
 0001:0001ea80       _my_casedn_str_8bit        0041fa80 f   strings:ctype-simple.obj
 0001:0001eac0       _my_caseup_8bit            0041fac0 f   strings:ctype-simple.obj
 0001:0001eaf0       _my_casedn_8bit            0041faf0 f   strings:ctype-simple.obj
 0001:0001eb20       _my_strcasecmp_8bit        0041fb20 f   strings:ctype-simple.obj
 0001:0001eb80       _my_mb_wc_8bit             0041fb80 f   strings:ctype-simple.obj
 0001:0001ebc0       _my_wc_mb_8bit             0041fbc0 f   strings:ctype-simple.obj
 0001:0001ec20       _my_snprintf_8bit          0041fc20 f   strings:ctype-simple.obj
 0001:0001ec40       _my_hash_sort_simple       0041fc40 f   strings:ctype-simple.obj
 0001:0001ecc0       _my_strntol_8bit           0041fcc0 f   strings:ctype-simple.obj
 0001:0001ee20       _my_strntoul_8bit          0041fe20 f   strings:ctype-simple.obj
 0001:0001ef60       _my_strntoll_8bit          0041ff60 f   strings:ctype-simple.obj
 0001:0001f120       _my_strntoull_8bit         00420120 f   strings:ctype-simple.obj
 0001:0001f2b0       _my_strntod_8bit           004202b0 f   strings:ctype-simple.obj
 0001:0001f2e0       _my_long10_to_str_8bit     004202e0 f   strings:ctype-simple.obj
 0001:0001f3b0       _my_longlong10_to_str_8bit 004203b0 f   strings:ctype-simple.obj
 0001:0001f4e0       _my_wildcmp_8bit           004204e0 f   strings:ctype-simple.obj
 0001:0001f680       _my_like_range_simple      00420680 f   strings:ctype-simple.obj
 0001:0001f7a0       _my_scan_8bit              004207a0 f   strings:ctype-simple.obj
 0001:0001f810       _my_fill_8bit              00420810 f   strings:ctype-simple.obj
 0001:0001f830       _my_numchars_8bit          00420830 f   strings:ctype-simple.obj
 0001:0001f840       _my_numcells_8bit          00420840 f   strings:ctype-simple.obj
 0001:0001f850       _my_charpos_8bit           00420850 f   strings:ctype-simple.obj
 0001:0001f860       _my_well_formed_len_8bit   00420860 f   strings:ctype-simple.obj
 0001:0001f880       _my_lengthsp_8bit          00420880 f   strings:ctype-simple.obj
 0001:0001f8a0       _my_instr_simple           004208a0 f   strings:ctype-simple.obj
 0001:0001fd60       _my_strtoll10_8bit         00420d60 f   strings:ctype-simple.obj
 0001:0001fd80       _my_mb_ctype_8bit          00420d80 f   strings:ctype-simple.obj
 0001:0001fdc0       _my_strntoull10rnd_8bit    00420dc0 f   strings:ctype-simple.obj
 0001:00020260       _my_propagate_simple       00421260 f   strings:ctype-simple.obj
 0001:00020270       _my_propagate_complex      00421270 f   strings:ctype-simple.obj
 0001:00020340       _my_lengthsp_binary        00421340 f   strings:ctype-bin.obj
 0001:000204f0       _my_mbcharlen_8bit         004214f0 f   strings:ctype-bin.obj
 0001:00020550       _my_hash_sort_8bit_bin     00421550 f   strings:ctype-bin.obj
 0001:000205b0       _my_hash_sort_bin          004215b0 f   strings:ctype-bin.obj
 0001:00020600       _my_wildcmp_bin            00421600 f   strings:ctype-bin.obj
 0001:00020f00       _my_parse_charset_xml      00421f00 f   strings:ctype.obj
 0001:00020fc0       _my_string_repertoire      00421fc0 f   strings:ctype.obj
 0001:00021040       _my_charset_repertoire     00422040 f   strings:ctype.obj
 0001:00021060       _my_charset_is_ascii_based 00422060 f   strings:ctype.obj
 0001:000210a0       _my_charset_is_8bit_pure_ascii 004220a0 f   strings:ctype.obj
 0001:00022b60       _str2int                   00423b60 f   strings:str2int.obj
 0001:00022d10       _strtoll                   00423d10 f   strings:strtoll.obj
 0001:00022f30       _llstr                     00423f30 f   strings:llstr.obj
 0001:00022f50       _ullstr                    00423f50 f   strings:llstr.obj
 0001:00022f70       _my_strtod                 00423f70 f   strings:strtod.obj
 0001:000232e0       _my_atof                   004242e0 f   strings:strtod.obj
 0001:00023310       _longlong2str              00424310 f   strings:longlong2str.obj
 0001:00023440       _longlong10_to_str         00424440 f   strings:longlong2str.obj
 0001:00023550       _my_wildcmp_unicode        00424550 f   strings:ctype-utf8.obj
 0001:00026830       _my_strntol_ucs2           00427830 f   strings:ctype-ucs2.obj
 0001:00026a40       _my_strntoul_ucs2          00427a40 f   strings:ctype-ucs2.obj
 0001:00026c30       _my_strntoll_ucs2          00427c30 f   strings:ctype-ucs2.obj
 0001:00026ec0       _my_strntoull_ucs2         00427ec0 f   strings:ctype-ucs2.obj
 0001:00027110       _my_strntod_ucs2           00428110 f   strings:ctype-ucs2.obj
 0001:00027200       _my_strntoull10rnd_ucs2    00428200 f   strings:ctype-ucs2.obj
 0001:000272f0       _my_l10tostr_ucs2          004282f0 f   strings:ctype-ucs2.obj
 0001:000273f0       _my_ll10tostr_ucs2         004283f0 f   strings:ctype-ucs2.obj
 0001:00027530       _my_strtoll10_ucs2         00428530 f   strings:ctype-ucs2.obj
 0001:00027c00       _my_like_range_ucs2        00428c00 f   strings:ctype-ucs2.obj
 0001:00027ed0       _my_scan_ucs2              00428ed0 f   strings:ctype-ucs2.obj
 0001:00028850       _my_strnncoll_gbk_internal 00429850 f   strings:ctype-gbk.obj
 0001:00028950       _my_strnncoll_gbk          00429950 f   strings:ctype-gbk.obj
 0001:0002c120       _bchange                   0042d120 f   strings:bchange.obj
 0001:0002c180       _bmove_upp                 0042d180 f   strings:bmove_upp.obj
 0001:0002c820       _my_xml_parse              0042d820 f   strings:xml.obj
 0001:0002cbc0       _my_xml_parser_create      0042dbc0 f   strings:xml.obj
 0001:0002cbe0       _my_xml_parser_free        0042dbe0 f   strings:xml.obj
 0001:0002cbf0       _my_xml_set_value_handler  0042dbf0 f   strings:xml.obj
 0001:0002cc00       _my_xml_set_enter_handler  0042dc00 f   strings:xml.obj
 0001:0002cc10       _my_xml_set_leave_handler  0042dc10 f   strings:xml.obj
 0001:0002cc20       _my_xml_set_user_data      0042dc20 f   strings:xml.obj
 0001:0002cc30       _my_xml_error_string       0042dc30 f   strings:xml.obj
 0001:0002cc40       _my_xml_error_pos          0042dc40 f   strings:xml.obj
 0001:0002cc70       _my_xml_error_lineno       0042dc70 f   strings:xml.obj
 0001:0002cca0       _my_caseup_str_mb          0042dca0 f   strings:ctype-mb.obj
 0001:0002ccf0       _my_casedn_str_mb          0042dcf0 f   strings:ctype-mb.obj
 0001:0002cd40       _my_caseup_mb              0042dd40 f   strings:ctype-mb.obj
 0001:0002cd90       _my_casedn_mb              0042dd90 f   strings:ctype-mb.obj
 0001:0002cde0       _my_strcasecmp_mb          0042dde0 f   strings:ctype-mb.obj
 0001:0002ce80       _my_wildcmp_mb             0042de80 f   strings:ctype-mb.obj
 0001:0002d2d0       _my_numchars_mb            0042e2d0 f   strings:ctype-mb.obj
 0001:0002d310       _my_charpos_mb             0042e310 f   strings:ctype-mb.obj
 0001:0002d370       _my_well_formed_len_mb     0042e370 f   strings:ctype-mb.obj
 0001:0002d3e0       _my_instr_mb               0042e3e0 f   strings:ctype-mb.obj
 0001:0002d7a0       _my_like_range_mb          0042e7a0 f   strings:ctype-mb.obj
 0001:0002de10       _my_numcells_mb            0042ee10 f   strings:ctype-mb.obj
 0001:0002de80       _my_mb_ctype_mb            0042ee80 f   strings:ctype-mb.obj
 0001:0002df20       _vio_delete                0042ef20 f   vio:vio.obj
 0001:0002df50       _vio_end                   0042ef50 f   vio:vio.obj
 0001:0002e140       _vio_reset                 0042f140 f   vio:vio.obj
 0001:0002e170       _vio_new                   0042f170 f   vio:vio.obj
 0001:0002e1f0       _vio_new_win32pipe         0042f1f0 f   vio:vio.obj
 0001:0002e240       _vio_new_win32shared_memory 0042f240 f   vio:vio.obj
 0001:0002e2e0       _vio_errno                 0042f2e0 f   vio:viosocket.obj
 0001:0002e2f0       _vio_read                  0042f2f0 f   vio:viosocket.obj
 0001:0002e310       _vio_read_buff             0042f310 f   vio:viosocket.obj
 0001:0002e3b0       _vio_write                 0042f3b0 f   vio:viosocket.obj
 0001:0002e3d0       _vio_blocking              0042f3d0 f   vio:viosocket.obj
 0001:0002e440       _vio_is_blocking           0042f440 f   vio:viosocket.obj
 0001:0002e450       _vio_fastsend              0042f450 f   vio:viosocket.obj
 0001:0002e480       _vio_keepalive             0042f480 f   vio:viosocket.obj
 0001:0002e4c0       _vio_should_retry          0042f4c0 f   vio:viosocket.obj
 0001:0002e4f0       _vio_was_interrupted       0042f4f0 f   vio:viosocket.obj
 0001:0002e520       _mysql_socket_shutdown     0042f520 f   vio:viosocket.obj
 0001:0002e5f0       _vio_close                 0042f5f0 f   vio:viosocket.obj
 0001:0002e640       _vio_description           0042f640 f   vio:viosocket.obj
 0001:0002e650       _vio_type                  0042f650 f   vio:viosocket.obj
 0001:0002e660       _vio_fd                    0042f660 f   vio:viosocket.obj
 0001:0002e670       _vio_peer_addr             0042f670 f   vio:viosocket.obj
 0001:0002e6f0       _vio_in_addr               0042f6f0 f   vio:viosocket.obj
 0001:0002e710       _vio_poll_read             0042f710 f   vio:viosocket.obj
 0001:0002e720       _vio_timeout               0042f720 f   vio:viosocket.obj
 0001:0002e7a0       _vio_read_pipe             0042f7a0 f   vio:viosocket.obj
 0001:0002e7f0       _vio_write_pipe            0042f7f0 f   vio:viosocket.obj
 0001:0002e840       _vio_close_pipe            0042f840 f   vio:viosocket.obj
 0001:0002e880       _vio_win32_timeout         0042f880 f   vio:viosocket.obj
 0001:0002e8c0       _vio_read_shared_memory    0042f8c0 f   vio:viosocket.obj
 0001:0002e9a0       _vio_write_shared_memory   0042f9a0 f   vio:viosocket.obj
 0001:0002ea50       _vio_close_shared_memory   0042fa50 f   vio:viosocket.obj
 0001:0002eb30       _vio_ssl_read              0042fb30 f   vio:viossl.obj
 0001:0002eb50       _vio_ssl_write             0042fb50 f   vio:viossl.obj
 0001:0002eb70       _vio_ssl_close             0042fb70 f   vio:viossl.obj
 0001:0002ebb0       _vio_ssl_delete            0042fbb0 f   vio:viossl.obj
 0001:0002ecc0       _sslaccept                 0042fcc0 f   vio:viossl.obj
 0001:0002ece0       _sslconnect                0042fce0 f   vio:viossl.obj
 0001:0002ed00       _vio_ssl_blocking          0042fd00 f   vio:viossl.obj
 0001:0002eda0       _sslGetErrString           0042fda0 f   vio:viosslfactories.obj
 0001:0002efe0       _new_VioSSLConnectorFd     0042ffe0 f   vio:viosslfactories.obj
 0001:0002f040       _new_VioSSLAcceptorFd      00430040 f   vio:viosslfactories.obj
 0001:0002f0a0       _free_vio_ssl_acceptor_fd  004300a0 f   vio:viosslfactories.obj
 0001:0002f0c0       ??2@YAPAXIPAUDummy@@@Z     004300c0 f i yassl:ssl.obj
 0001:0002f0d0       ??1Message@yaSSL@@UAE@XZ   004300d0 f i yassl:ssl.obj
 0001:0002f0e0       ??_GMessage@yaSSL@@UAEPAXI@Z 004300e0 f i yassl:ssl.obj
 0001:0002f0e0       ??_EMessage@yaSSL@@UAEPAXI@Z 004300e0 f i yassl:ssl.obj
 0001:0002f100       ??1Alert@yaSSL@@UAE@XZ     00430100 f i yassl:ssl.obj
 0001:0002f110       ??1HandShakeBase@yaSSL@@UAE@XZ 00430110 f i yassl:ssl.obj
 0001:0002f120       ??_GHandShakeBase@yaSSL@@UAEPAXI@Z 00430120 f i yassl:ssl.obj
 0001:0002f120       ??_EHandShakeBase@yaSSL@@UAEPAXI@Z 00430120 f i yassl:ssl.obj
 0001:0002f140       ??0EncryptedInfo@yaSSL@@QAE@XZ 00430140 f i yassl:ssl.obj
 0001:0002f150       ??0Error@TaoCrypt@@QAE@W4ErrorNumber@1@@Z 00430150 f i yassl:ssl.obj
 0001:0002f160       ?assign@BIGNUM@yaSSL@@QAEXPBEI@Z 00430160 f i yassl:ssl.obj
 0001:0002f170       ??1Finished@yaSSL@@UAE@XZ  00430170 f i yassl:ssl.obj
 0001:0002f180       ??1HASH@TaoCrypt@@UAE@XZ   00430180 f i yassl:ssl.obj
 0001:0002f190       ??_GHASH@TaoCrypt@@UAEPAXI@Z 00430190 f i yassl:ssl.obj
 0001:0002f190       ??_EHASH@TaoCrypt@@UAEPAXI@Z 00430190 f i yassl:ssl.obj
 0001:0002f1b0       ??1HASHwithTransform@TaoCrypt@@UAE@XZ 004301b0 f i yassl:ssl.obj
 0001:0002f1c0       ??0MD5@TaoCrypt@@QAE@XZ    004301c0 f i yassl:ssl.obj
 0001:0002f1e0       ?getByteOrder@MD5@TaoCrypt@@UBE?AW4ByteOrder@2@XZ 004301e0 f i yassl:ssl.obj
 0001:0002f1f0       ?getBlockSize@MD5@TaoCrypt@@UBEIXZ 004301f0 f i yassl:ssl.obj
 0001:0002f200       ?getDigestSize@MD5@TaoCrypt@@UBEIXZ 00430200 f i yassl:ssl.obj
 0001:0002f210       ?getPadSize@MD5@TaoCrypt@@UBEIXZ 00430210 f i yassl:ssl.obj
 0001:0002f220       ??1MD5@TaoCrypt@@UAE@XZ    00430220 f i yassl:ssl.obj
 0001:0002f230       ??0MD4@TaoCrypt@@QAE@XZ    00430230 f i yassl:ssl.obj
 0001:0002f250       ?getByteOrder@MD4@TaoCrypt@@UBE?AW4ByteOrder@2@XZ 00430250 f i yassl:ssl.obj
 0001:0002f260       ?getBlockSize@MD4@TaoCrypt@@UBEIXZ 00430260 f i yassl:ssl.obj
 0001:0002f270       ?getDigestSize@MD4@TaoCrypt@@UBEIXZ 00430270 f i yassl:ssl.obj
 0001:0002f280       ?getPadSize@MD4@TaoCrypt@@UBEIXZ 00430280 f i yassl:ssl.obj
 0001:0002f290       ??1MD4@TaoCrypt@@UAE@XZ    00430290 f i yassl:ssl.obj
 0001:0002f2a0       _yaSSLv3_server_method     004302a0 f   yassl:ssl.obj
 0001:0002f2e0       _yaSSLv3_client_method     004302e0 f   yassl:ssl.obj
 0001:0002f320       _yaTLSv1_server_method     00430320 f   yassl:ssl.obj
 0001:0002f360       _yaTLSv1_client_method     00430360 f   yassl:ssl.obj
 0001:0002f3a0       _yaTLSv1_1_server_method   004303a0 f   yassl:ssl.obj
 0001:0002f3e0       _yaTLSv1_1_client_method   004303e0 f   yassl:ssl.obj
 0001:0002f420       _yaSSLv23_server_method    00430420 f   yassl:ssl.obj
 0001:0002f460       _yaSSLv23_client_method    00430460 f   yassl:ssl.obj
 0001:0002f4a0       _yaSSL_CTX_new             004304a0 f   yassl:ssl.obj
 0001:0002f4d0       _yaSSL_new                 004304d0 f   yassl:ssl.obj
 0001:0002f500       _yaSSL_set_fd              00430500 f   yassl:ssl.obj
 0001:0002f520       _yaSSL_get_fd              00430520 f   yassl:ssl.obj
 0001:0002f530       _yaSSL_connect             00430530 f   yassl:ssl.obj
 0001:0002f7e0       _yaSSL_write               004307e0 f   yassl:ssl.obj
 0001:0002f7f0       ??1Data@yaSSL@@UAE@XZ      004307f0 f i yassl:ssl.obj
 0001:0002f800       _yaSSL_accept              00430800 f   yassl:ssl.obj
 0001:0002fac0       _yaSSL_do_handshake        00430ac0 f   yassl:ssl.obj
 0001:0002faf0       _yaSSL_clear               00430af0 f   yassl:ssl.obj
 0001:0002fb10       _yaSSL_shutdown            00430b10 f   yassl:ssl.obj
 0001:0002fb80       _yaSSL_set_quiet_shutdown  00430b80 f   yassl:ssl.obj
 0001:0002fba0       _yaSSL_get_quiet_shutdown  00430ba0 f   yassl:ssl.obj
 0001:0002fbb0       _yaSSL_CTX_set_session_cache_mode 00430bb0 f   yassl:ssl.obj
 0001:0002fbe0       _yaSSL_get_session         00430be0 f   yassl:ssl.obj
 0001:0002fc30       _yaSSL_set_session         00430c30 f   yassl:ssl.obj
 0001:0002fc70       _yaSSL_session_reused      00430c70 f   yassl:ssl.obj
 0001:0002fc90       _yaSSL_SESSION_set_timeout 00430c90 f   yassl:ssl.obj
 0001:0002fcb0       _yaSSL_get_default_timeout 00430cb0 f   yassl:ssl.obj
 0001:0002fcc0       _yaSSL_flush_sessions      00430cc0 f   yassl:ssl.obj
 0001:0002fce0       _yaSSL_get_cipher          00430ce0 f   yassl:ssl.obj
 0001:0002fd00       _yaSSL_get_shared_ciphers  00430d00 f   yassl:ssl.obj
 0001:0002fd20       _yaSSL_get_cipher_list     00430d20 f   yassl:ssl.obj
 0001:0002fd70       _yaSSL_CTX_set_cipher_list 00430d70 f   yassl:ssl.obj
 0001:0002fd90       _yaSSL_get_version         00430d90 f   yassl:ssl.obj
 0001:0002fdb0       _yaSSLeay_version          00430db0 f   yassl:ssl.obj
 0001:0002fdc0       _yaSSL_get_error           00430dc0 f   yassl:ssl.obj
 0001:0002fdd0       _yaSSL_set_compression     00430dd0 f   yassl:ssl.obj
 0001:0002fde0       _yaSSL_get_peer_certificate 00430de0 f   yassl:ssl.obj
 0001:0002fe00       _yaX509_free               00430e00 f   yassl:ssl.obj
 0001:0002fe10       _yaX509_STORE_CTX_get_current_cert 00430e10 f   yassl:ssl.obj
[...]
 0003:00153008       ?m_pGetParameter@UnDecorator@@0P6APADJ@ZA 0062f008     LIBCMT:undname.obj
 0003:0015300c       ?fExplicitTemplateParams@UnDecorator@@0_NA 0062f00c     LIBCMT:undname.obj
 0003:0015300d       ?fGetTemplateArgumentList@UnDecorator@@0_NA 0062f00d     LIBCMT:undname.obj
 0003:00153038       ___lconv_static_null       0062f038     LIBCMT:lconv.obj
 0003:0015303c       __commode                  0062f03c     LIBCMT:ncommode.obj
 0003:00153044       __fmode                    0062f044     LIBCMT:txtmode.obj
 0003:00153065       ?isMMX@TaoCrypt@@3_NA      0062f065     taocrypt:misc.obj
 0003:00153080       _mysql_server_last_error   0062f080     <common>
 0003:001532f0       _mysql_server_last_errno   0062f2f0     <common>
 0003:001532f4       _thr_client_alarm          0062f2f4     <common>
 0003:00153300       _query_performance_frequency 0062f300     <common>
 0003:00153314       _my_signals                0062f314     <common>
 0003:00153318       _query_performance_offset  0062f318     <common>
 0003:00153320       _THR_LOCK_threads          0062f320     <common>
 0003:001533a0       _LOCK_gethostbyname_r      0062f3a0     <common>
 0003:001533c0       _THR_LOCK_myisam_mmap      0062f3c0     <common>
 0003:001533e0       _THR_LOCK_time             0062f3e0     <common>
 0003:00153400       _THR_COND_threads          0062f400     <common>
 0003:00153440       _THR_LOCK_malloc           0062f440     <common>
 0003:00153460       _THR_LOCK_isam             0062f460     <common>
 0003:00153480       _THR_LOCK_myisam           0062f480     <common>
 0003:001534a0       _THR_LOCK_heap             0062f4a0     <common>
 0003:001534c0       _THR_LOCK_open             0062f4c0     <common>
 0003:001534e0       _THR_LOCK_charset          0062f4e0     <common>
 0003:00153500       _THR_LOCK_lock             0062f500     <common>
 0003:00153520       _LOCK_localtime_r          0062f520     <common>
 0003:00153540       _THR_LOCK_net              0062f540     <common>
 0003:00153558       __debugger_hook_dummy      0062f558     <common>
 0003:00153564       ___sbh_initialized         0062f564     <common>
 0003:00153578       ___sbh_cntHeaderList       0062f578     <common>
 0003:0015357c       ___sbh_pHeaderList         0062f57c     <common>
 0003:00153580       ___sbh_threshold           0062f580     <common>
 0003:00153584       ___sbh_pHeaderScan         0062f584     <common>
 0003:00153588       ___sbh_sizeHeaderList      0062f588     <common>
 0003:0015358c       ___sbh_indGroupDefer       0062f58c     <common>
 0003:00153590       ___active_heap             0062f590     <common>
 0003:0015359c       ___setlc_active            0062f59c     <common>
 0003:001535ac       ___unguarded_readlc_active 0062f5ac     <common>
 0003:001535b0       __pmatherr                 0062f5b0     <common>
 0003:001535bc       __pDestructExceptionObject 0062f5bc     <common>
 0003:001535c8       __nhandle                  0062f5c8     <common>
 0003:00153620       ___pioinfo                 0062f620     <common>
 0003:00153720       ___use_sse2_mathfcns       0062f720     <common>
 0003:00153730       ___sse2_available          0062f730     <common>
 0003:00153734       __acmdln                   0062f734     <common>
 0003:00153740       ___env_initialized         0062f740     <common>
 0003:00153750       ___onexitend               0062f750     <common>
 0003:00153754       ___onexitbegin             0062f754     <common>
 0003:00153758       ___mbctype_initialized     0062f758     <common>
 0003:0015375c       ___dyn_tls_init_callback   0062f75c     <common>
 0003:00153760       ___piob                    0062f760     <common>
 0003:00153aa0       __bufin                    0062faa0     <common>
 0003:00154aa0       __nstream                  00630aa0     <common>
 0004:00000000       __IMPORT_DESCRIPTOR_KERNEL32 00631000     kernel32:KERNEL32.dll
 0004:00000014       __IMPORT_DESCRIPTOR_ADVAPI32 00631014     advapi32:ADVAPI32.dll
 0004:00000028       __IMPORT_DESCRIPTOR_WSOCK32 00631028     wsock32:WSOCK32.dll
 0004:0000003c       __IMPORT_DESCRIPTOR_WS2_32 0063103c     ws2_32:WS2_32.dll
 0004:00000050       __IMPORT_DESCRIPTOR_USER32 00631050     user32:USER32.dll
 0004:00000064       __NULL_IMPORT_DESCRIPTOR   00631064     kernel32:KERNEL32.dll
 0004:000004a4       __imp__CryptGenRandom@12   006314a4     advapi32:ADVAPI32.dll
 0004:000004a8       __imp__RegEnumValueA@32    006314a8     advapi32:ADVAPI32.dll
 0004:000004ac       __imp__RegOpenKeyExA@20    006314ac     advapi32:ADVAPI32.dll
 0004:000004b0       __imp__CryptAcquireContextA@20 006314b0     advapi32:ADVAPI32.dll
 0004:000004b4       __imp__CryptReleaseContext@8 006314b4     advapi32:ADVAPI32.dll
 0004:000004b8       __imp__StartServiceCtrlDispatcherA@4 006314b8     advapi32:ADVAPI32.dll
 0004:000004bc       __imp__RegisterServiceCtrlHandlerA@8 006314bc     advapi32:ADVAPI32.dll
 0004:000004c0       __imp__DeleteService@4     006314c0     advapi32:ADVAPI32.dll
 0004:000004c4       __imp__CreateServiceA@52   006314c4     advapi32:ADVAPI32.dll
 0004:000004c8       __imp__SetServiceStatus@8  006314c8     advapi32:ADVAPI32.dll
 0004:000004cc       __imp__OpenSCManagerA@12   006314cc     advapi32:ADVAPI32.dll
 0004:000004d0       __imp__OpenServiceA@12     006314d0     advapi32:ADVAPI32.dll
 0004:000004d4       __imp__CloseServiceHandle@4 006314d4     advapi32:ADVAPI32.dll
 0004:000004d8       __imp__RegCloseKey@4       006314d8     advapi32:ADVAPI32.dll
 0004:000004dc       \177ADVAPI32_NULL_THUNK_DATA 006314dc     advapi32:ADVAPI32.dll
 0004:00000510       __imp__GetModuleHandleA@4  00631510     kernel32:KERNEL32.dll
 0004:00000514       __imp__TerminateProcess@8  00631514     kernel32:KERNEL32.dll
 0004:00000518       __imp__OpenProcess@12      00631518     kernel32:KERNEL32.dll
 0004:0000051c       __imp__GetCurrentThreadId@0 0063151c     kernel32:KERNEL32.dll
 0004:00000520       __imp__Sleep@4             00631520     kernel32:KERNEL32.dll
 0004:00000524       __imp__GetFullPathNameA@16 00631524     kernel32:KERNEL32.dll
 0004:00000528       __imp__GetModuleFileNameA@12 00631528     kernel32:KERNEL32.dll
 0004:0000052c       __imp__GetCurrentProcess@0 0063152c     kernel32:KERNEL32.dll
 0004:00000530       __imp__CreatePipe@16       00631530     kernel32:KERNEL32.dll
 0004:00000534       __imp__ReadFile@20         00631534     kernel32:KERNEL32.dll
 0004:00000538       __imp__SetNamedPipeHandleState@16 00631538     kernel32:KERNEL32.dll
 0004:0000053c       __imp__WaitNamedPipeA@8    0063153c     kernel32:KERNEL32.dll
 0004:00000540       __imp__CreateFileA@28      00631540     kernel32:KERNEL32.dll
 0004:00000544       __imp__DuplicateHandle@28  00631544     kernel32:KERNEL32.dll
 0004:00000548       __imp__GetProcAddress@8    00631548     kernel32:KERNEL32.dll
 0004:0000054c       __imp__CreateRemoteThread@28 0063154c     kernel32:KERNEL32.dll
 0004:00000550       __imp__GetLastError@0      00631550     kernel32:KERNEL32.dll
 0004:00000554       __imp__SetLastError@4      00631554     kernel32:KERNEL32.dll
 0004:00000558       __imp__CreateProcessA@40   00631558     kernel32:KERNEL32.dll
 0004:0000055c       __imp__WaitForSingleObject@8 0063155c     kernel32:KERNEL32.dll
 0004:00000560       __imp__GetExitCodeProcess@8 00631560     kernel32:KERNEL32.dll
 0004:00000564       __imp__CloseHandle@4       00631564     kernel32:KERNEL32.dll
 0004:00000568       __imp__GetSystemTimeAsFileTime@4 00631568     kernel32:KERNEL32.dll
 0004:0000056c       __imp__DeleteCriticalSection@4 0063156c     kernel32:KERNEL32.dll
 0004:00000570       __imp__SetEnvironmentVariableW@8 00631570     kernel32:KERNEL32.dll
 0004:00000574       __imp__LeaveCriticalSection@4 00631574     kernel32:KERNEL32.dll
 0004:00000578       __imp__EnterCriticalSection@4 00631578     kernel32:KERNEL32.dll
 0004:0000057c       __imp__SetHandleInformation@12 0063157c     kernel32:KERNEL32.dll
 0004:00000580       __imp__IsValidLocale@8     00631580     kernel32:KERNEL32.dll
 0004:00000584       __imp__EnumSystemLocalesA@8 00631584     kernel32:KERNEL32.dll
 0004:00000588       __imp__GetUserDefaultLCID@0 00631588     kernel32:KERNEL32.dll
 0004:0000058c       __imp__GetDateFormatA@24   0063158c     kernel32:KERNEL32.dll
 0004:00000590       __imp__GetTimeFormatA@24   00631590     kernel32:KERNEL32.dll
 0004:00000594       __imp__GetStringTypeW@16   00631594     kernel32:KERNEL32.dll
 0004:00000598       __imp__GetStringTypeA@20   00631598     kernel32:KERNEL32.dll
 0004:0000059c       __imp__SetEnvironmentVariableA@8 0063159c     kernel32:KERNEL32.dll
 0004:000005a0       __imp__CompareStringW@24   006315a0     kernel32:KERNEL32.dll
 0004:000005a4       __imp__CompareStringA@24   006315a4     kernel32:KERNEL32.dll
 0004:000005a8       __imp__WriteConsoleW@20    006315a8     kernel32:KERNEL32.dll
 0004:000005ac       __imp__GetConsoleOutputCP@0 006315ac     kernel32:KERNEL32.dll
 0004:000005b0       __imp__WriteConsoleA@20    006315b0     kernel32:KERNEL32.dll
 0004:000005b4       __imp__LCMapStringW@24     006315b4     kernel32:KERNEL32.dll
 0004:000005b8       __imp__LCMapStringA@24     006315b8     kernel32:KERNEL32.dll
 0004:000005bc       __imp__GetLocaleInfoW@16   006315bc     kernel32:KERNEL32.dll
 0004:000005c0       __imp__MultiByteToWideChar@24 006315c0     kernel32:KERNEL32.dll
 0004:000005c4       __imp__RtlUnwind@16        006315c4     kernel32:KERNEL32.dll
 0004:000005c8       __imp__HeapSize@12         006315c8     kernel32:KERNEL32.dll
 0004:000005cc       __imp__VirtualAlloc@16     006315cc     kernel32:KERNEL32.dll
 0004:000005d0       __imp__GetCurrentProcessId@0 006315d0     kernel32:KERNEL32.dll
 0004:000005d4       __imp__VirtualFree@12      006315d4     kernel32:KERNEL32.dll
 0004:000005d8       __imp__GetLocaleInfoA@16   006315d8     kernel32:KERNEL32.dll
 0004:000005dc       __imp__CreateEventA@16     006315dc     kernel32:KERNEL32.dll
 0004:000005e0       __imp__SetEvent@4          006315e0     kernel32:KERNEL32.dll
 0004:000005e4       __imp__ResetEvent@4        006315e4     kernel32:KERNEL32.dll
 0004:000005e8       __imp__WaitForMultipleObjects@16 006315e8     kernel32:KERNEL32.dll
 0004:000005ec       __imp__GetFileAttributesExA@12 006315ec     kernel32:KERNEL32.dll
 0004:000005f0       __imp__GetSystemDirectoryA@8 006315f0     kernel32:KERNEL32.dll
 0004:000005f4       __imp__GetWindowsDirectoryA@8 006315f4     kernel32:KERNEL32.dll
 0004:000005f8       __imp__InterlockedIncrement@4 006315f8     kernel32:KERNEL32.dll
 0004:000005fc       __imp__DeleteFileA@4       006315fc     kernel32:KERNEL32.dll
 0004:00000600       __imp__MoveFileA@8         00631600     kernel32:KERNEL32.dll
 0004:00000604       __imp__GetTickCount@0      00631604     kernel32:KERNEL32.dll
 0004:00000608       __imp__QueryPerformanceCounter@4 00631608     kernel32:KERNEL32.dll
 0004:0000060c       __imp__QueryPerformanceFrequency@4 0063160c     kernel32:KERNEL32.dll
 0004:00000610       __imp__TryEnterCriticalSection@4 00631610     kernel32:KERNEL32.dll
 0004:00000614       __imp__InterlockedCompareExchange@12 00631614     kernel32:KERNEL32.dll
 0004:00000618       __imp__SetThreadPriority@8 00631618     kernel32:KERNEL32.dll
 0004:0000061c       __imp__SetEndOfFile@4      0063161c     kernel32:KERNEL32.dll
 0004:00000620       __imp__SetFilePointer@16   00631620     kernel32:KERNEL32.dll
 0004:00000624       __imp__GetFileAttributesA@4 00631624     kernel32:KERNEL32.dll
 0004:00000628       __imp__GetOverlappedResult@16 00631628     kernel32:KERNEL32.dll
 0004:0000062c       __imp__CancelIo@4          0063162c     kernel32:KERNEL32.dll
 0004:00000630       __imp__WriteFile@20        00631630     kernel32:KERNEL32.dll
 0004:00000634       __imp__DisconnectNamedPipe@4 00631634     kernel32:KERNEL32.dll
 0004:00000638       __imp__UnmapViewOfFile@4   00631638     kernel32:KERNEL32.dll
 0004:0000063c       __imp__FindClose@4         0063163c     kernel32:KERNEL32.dll
 0004:00000640       __imp__FindNextFileA@8     00631640     kernel32:KERNEL32.dll
 0004:00000644       __imp__FindFirstFileA@8    00631644     kernel32:KERNEL32.dll
 0004:00000648       __imp__FileTimeToSystemTime@8 00631648     kernel32:KERNEL32.dll
 0004:0000064c       __imp__FileTimeToLocalFileTime@8 0063164c     kernel32:KERNEL32.dll
 0004:00000650       __imp__GetDriveTypeA@4     00631650     kernel32:KERNEL32.dll
 0004:00000654       __imp__ExitProcess@4       00631654     kernel32:KERNEL32.dll
 0004:00000658       __imp__SetConsoleCtrlHandler@8 00631658     kernel32:KERNEL32.dll
 0004:0000065c       __imp__ReadConsoleInputA@16 0063165c     kernel32:KERNEL32.dll
 0004:00000660       __imp__SetConsoleMode@8    00631660     kernel32:KERNEL32.dll
 0004:00000664       __imp__GetConsoleMode@8    00631664     kernel32:KERNEL32.dll
 0004:00000668       __imp__PeekConsoleInputA@16 00631668     kernel32:KERNEL32.dll
 0004:0000066c       __imp__GetNumberOfConsoleInputEvents@8 0063166c     kernel32:KERNEL32.dll
 0004:00000670       __imp__GetCommandLineA@0   00631670     kernel32:KERNEL32.dll
 0004:00000674       __imp__HeapFree@12         00631674     kernel32:KERNEL32.dll
 0004:00000678       __imp__GetVersionExA@4     00631678     kernel32:KERNEL32.dll
 0004:0000067c       __imp__HeapAlloc@12        0063167c     kernel32:KERNEL32.dll
 0004:00000680       __imp__GetProcessHeap@0    00631680     kernel32:KERNEL32.dll
 0004:00000684       __imp__HeapReAlloc@16      00631684     kernel32:KERNEL32.dll
 0004:00000688       __imp__GetFileInformationByHandle@8 00631688     kernel32:KERNEL32.dll
 0004:0000068c       __imp__PeekNamedPipe@24    0063168c     kernel32:KERNEL32.dll
 0004:00000690       __imp__GetFileType@4       00631690     kernel32:KERNEL32.dll
 0004:00000694       __imp__SetStdHandle@8      00631694     kernel32:KERNEL32.dll
 0004:00000698       __imp__WideCharToMultiByte@32 00631698     kernel32:KERNEL32.dll
 0004:0000069c       __imp__GetTimeZoneInformation@4 0063169c     kernel32:KERNEL32.dll
 0004:000006a0       __imp__UnhandledExceptionFilter@4 006316a0     kernel32:KERNEL32.dll
 0004:000006a4       __imp__SetUnhandledExceptionFilter@4 006316a4     kernel32:KERNEL32.dll
 0004:000006a8       __imp__IsDebuggerPresent@0 006316a8     kernel32:KERNEL32.dll
 0004:000006ac       __imp__ExitThread@4        006316ac     kernel32:KERNEL32.dll
 0004:000006b0       __imp__ResumeThread@4      006316b0     kernel32:KERNEL32.dll
 0004:000006b4       __imp__CreateThread@24     006316b4     kernel32:KERNEL32.dll
 0004:000006b8       __imp__FlushFileBuffers@4  006316b8     kernel32:KERNEL32.dll
 0004:000006bc       __imp__GetStdHandle@4      006316bc     kernel32:KERNEL32.dll
 0004:000006c0       __imp__TlsGetValue@4       006316c0     kernel32:KERNEL32.dll
 0004:000006c4       __imp__TlsAlloc@0          006316c4     kernel32:KERNEL32.dll
 0004:000006c8       __imp__TlsSetValue@8       006316c8     kernel32:KERNEL32.dll
 0004:000006cc       __imp__TlsFree@4           006316cc     kernel32:KERNEL32.dll
 0004:000006d0       __imp__InterlockedDecrement@4 006316d0     kernel32:KERNEL32.dll
 0004:000006d4       __imp__GetCurrentThread@0  006316d4     kernel32:KERNEL32.dll
 0004:000006d8       __imp__GetCurrentDirectoryA@8 006316d8     kernel32:KERNEL32.dll
 0004:000006dc       __imp__SetCurrentDirectoryA@4 006316dc     kernel32:KERNEL32.dll
 0004:000006e0       __imp__RaiseException@16   006316e0     kernel32:KERNEL32.dll
 0004:000006e4       __imp__SetHandleCount@4    006316e4     kernel32:KERNEL32.dll
 0004:000006e8       __imp__GetStartupInfoA@4   006316e8     kernel32:KERNEL32.dll
 0004:000006ec       __imp__FatalAppExitA@8     006316ec     kernel32:KERNEL32.dll
 0004:000006f0       __imp__GetConsoleCP@0      006316f0     kernel32:KERNEL32.dll
 0004:000006f4       __imp__FreeLibrary@4       006316f4     kernel32:KERNEL32.dll
 0004:000006f8       __imp__InterlockedExchange@8 006316f8     kernel32:KERNEL32.dll
 0004:000006fc       __imp__LoadLibraryA@4      006316fc     kernel32:KERNEL32.dll
 0004:00000700       __imp__GetCPInfo@8         00631700     kernel32:KERNEL32.dll
 0004:00000704       __imp__GetACP@0            00631704     kernel32:KERNEL32.dll
 0004:00000708       __imp__GetOEMCP@0          00631708     kernel32:KERNEL32.dll
 0004:0000070c       __imp__IsValidCodePage@4   0063170c     kernel32:KERNEL32.dll
 0004:00000710       __imp__FreeEnvironmentStringsA@4 00631710     kernel32:KERNEL32.dll
 0004:00000714       __imp__GetEnvironmentStrings@0 00631714     kernel32:KERNEL32.dll
 0004:00000718       __imp__FreeEnvironmentStringsW@4 00631718     kernel32:KERNEL32.dll
 0004:0000071c       __imp__GetEnvironmentStringsW@0 0063171c     kernel32:KERNEL32.dll
 0004:00000720       __imp__HeapDestroy@4       00631720     kernel32:KERNEL32.dll
 0004:00000724       __imp__HeapCreate@12       00631724     kernel32:KERNEL32.dll
 0004:00000728       __imp__InitializeCriticalSection@4 00631728     kernel32:KERNEL32.dll
 0004:0000072c       \177KERNEL32_NULL_THUNK_DATA 0063172c     kernel32:KERNEL32.dll
 0004:000007c4       __imp__PeekMessageA@20     006317c4     user32:USER32.dll
 0004:000007c8       __imp__KillTimer@8         006317c8     user32:USER32.dll
 0004:000007cc       __imp__SetTimer@16         006317cc     user32:USER32.dll
 0004:000007d0       \177USER32_NULL_THUNK_DATA 006317d0     user32:USER32.dll
 0004:000007fc       __imp__WSAIoctl@36         006317fc     ws2_32:WS2_32.dll
 0004:00000800       \177WS2_32_NULL_THUNK_DATA 00631800     ws2_32:WS2_32.dll
 0004:0000082c       __imp__recv@16             0063182c     wsock32:WSOCK32.dll
 0004:00000830       __imp__gethostbyname@4     00631830     wsock32:WSOCK32.dll
 0004:00000834       __imp__inet_ntoa@4         00631834     wsock32:WSOCK32.dll
 0004:00000838       __imp__WSAStartup@8        00631838     wsock32:WSOCK32.dll
 0004:0000083c       __imp__WSACleanup@0        0063183c     wsock32:WSOCK32.dll
 0004:00000840       __imp__WSAGetLastError@0   00631840     wsock32:WSOCK32.dll
 0004:00000844       __imp__connect@12          00631844     wsock32:WSOCK32.dll
 0004:00000848       __imp__select@20           00631848     wsock32:WSOCK32.dll
 0004:0000084c       __imp____WSAFDIsSet@8      0063184c     wsock32:WSOCK32.dll
 0004:00000850       __imp__send@16             00631850     wsock32:WSOCK32.dll
 0004:00000854       __imp__shutdown@8          00631854     wsock32:WSOCK32.dll
 0004:00000858       __imp__socket@12           00631858     wsock32:WSOCK32.dll
 0004:0000085c       __imp__inet_addr@4         0063185c     wsock32:WSOCK32.dll
 0004:00000860       __imp__htonl@4             00631860     wsock32:WSOCK32.dll
 0004:00000864       __imp__htons@4             00631864     wsock32:WSOCK32.dll
 0004:00000868       __imp__ntohs@4             00631868     wsock32:WSOCK32.dll
 0004:0000086c       __imp__getpeername@12      0063186c     wsock32:WSOCK32.dll
 0004:00000870       __imp__WSASetLastError@4   00631870     wsock32:WSOCK32.dll
 0004:00000874       __imp__setsockopt@20       00631874     wsock32:WSOCK32.dll
 0004:00000878       __imp__bind@12             00631878     wsock32:WSOCK32.dll
 0004:0000087c       __imp__listen@8            0063187c     wsock32:WSOCK32.dll
 0004:00000880       __imp__closesocket@4       00631880     wsock32:WSOCK32.dll
 0004:00000884       __imp__ioctlsocket@12      00631884     wsock32:WSOCK32.dll
 0004:00000888       __imp__gethostname@8       00631888     wsock32:WSOCK32.dll
 0004:0000088c       __imp__accept@12           0063188c     wsock32:WSOCK32.dll
 0004:00000890       \177WSOCK32_NULL_THUNK_DATA 00631890     wsock32:WSOCK32.dll
 0005:00000000       __tls_start                00633000     LIBCMT:tlssup.obj
 0005:00000108       _THR_KEY_mysys             00633108     mysys:my_thr_init.obj
 0005:0000028e       __tls_end                  0063328e     LIBCMT:tlssup.obj

 entry point at        0001:0004f41f

